Session Started at 20260304_200122
[2026-03-04 20:01:23] [INFO] ページ 1 のプロセスを読み込みました (プロセス数: 2)
[2026-03-04 20:01:23] [INFO] アプリケーションを起動しました
[2026-03-04 20:01:23] [INFO] 設定ファイル: C:\work\iko_gui\config\json\config.json
[2026-03-04 20:01:23] [INFO] ページ数: 4
[2026-03-04 20:01:24] [INFO] ページ 2 のプロセスを読み込みました (プロセス数: 3)
[2026-03-04 20:01:24] [INFO] ページ 3 のプロセスを読み込みました (プロセス数: 3)
[2026-03-04 20:01:25] [INFO] 編集モードを有効にしました
[2026-03-04 20:01:26] [INFO] ページ 3 のプロセスを読み込みました (プロセス数: 3)
[2026-03-04 20:01:27] [INFO] [Page:3 Process:1] プロセス有効状態を保存しました: False
[2026-03-04 20:01:27] [INFO] ページ 3 のプロセスを読み込みました (プロセス数: 3)
[2026-03-04 20:01:28] [INFO] 編集モードを無効にしました
[2026-03-04 20:01:28] [INFO] ページ 3 のプロセスを読み込みました (プロセス数: 3)
[2026-03-04 20:01:40] [INFO] 編集モードを有効にしました
[2026-03-04 20:01:40] [INFO] ページ 3 のプロセスを読み込みました (プロセス数: 3)
[2026-03-04 20:01:41] [INFO] [Page:3 Process:2] プロセス有効状態を保存しました: False
[2026-03-04 20:01:41] [INFO] ページ 3 のプロセスを読み込みました (プロセス数: 3)
[2026-03-04 20:01:42] [INFO] [Page:3 Process:3] プロセス有効状態を保存しました: False
[2026-03-04 20:01:42] [INFO] ページ 3 のプロセスを読み込みました (プロセス数: 3)
[2026-03-04 20:01:43] [INFO] 編集モードを無効にしました
[2026-03-04 20:01:43] [INFO] ページ 3 のプロセスを読み込みました (プロセス数: 3)
