Session Started at 20260210_135527
[2026-02-10 13:55:28] [INFO] ページ 1 のプロセスを読み込みました (プロセス数: 2)
[2026-02-10 13:55:28] [INFO] アプリケーションを起動しました
[2026-02-10 13:55:28] [INFO] 設定ファイル: C:\work\iko_gui\config\json\config.json
[2026-02-10 13:55:28] [INFO] ページ数: 4
[2026-02-10 13:55:32] [INFO] ページ 2 のプロセスを読み込みました (プロセス数: 3)
[2026-02-10 13:55:35] [INFO] ページ 3 のプロセスを読み込みました (プロセス数: 3)
[2026-02-10 13:55:38] [INFO] 編集モードを有効にしました
[2026-02-10 13:55:38] [INFO] ページ 3 のプロセスを読み込みました (プロセス数: 3)
[2026-02-10 13:55:45] [INFO] [Page:3 Process:1] プロセスDestinationPathを保存しました: log2
[2026-02-10 13:55:45] [INFO] [Page:3 Process:1] V1抽出CSV格納先を設定しました: C:\work\iko_gui\log2
[2026-02-10 13:55:52] [INFO] ページ 3 のプロセスを読み込みました (プロセス数: 3)
[2026-02-10 13:56:23] [INFO] [Page:3 Process:2] プロセスDestinationPathを保存しました: node_modules
[2026-02-10 13:56:23] [INFO] [Page:3 Process:2] V1抽出CSV格納先を設定しました: C:\work\fizz-buzz\node_modules
[2026-02-10 13:56:30] [INFO] ページ 3 のプロセスを読み込みました (プロセス数: 3)
[2026-02-10 13:56:33] [INFO] ページ 2 のプロセスを読み込みました (プロセス数: 3)
[2026-02-10 13:56:34] [INFO] ページ 1 のプロセスを読み込みました (プロセス数: 2)
[2026-02-10 13:56:35] [INFO] ページ 2 のプロセスを読み込みました (プロセス数: 3)
[2026-02-10 13:56:35] [INFO] ページ 3 のプロセスを読み込みました (プロセス数: 3)
[2026-02-10 13:56:36] [INFO] ページ 4 のプロセスを読み込みました (プロセス数: 3)
[2026-02-10 13:56:49] [INFO] ページ 4 のプロセスを読み込みました (プロセス数: 3)
