Session Started at 20260220_102227
[2026-02-20 10:22:28] [INFO] ページ 1 のプロセスを読み込みました (プロセス数: 2)
[2026-02-20 10:22:28] [INFO] アプリケーションを起動しました
[2026-02-20 10:22:28] [INFO] 設定ファイル: C:\work\iko_gui\config\json\config.json
[2026-02-20 10:22:28] [INFO] ページ数: 4
[2026-02-20 10:22:29] [INFO] ページ 2 のプロセスを読み込みました (プロセス数: 3)
[2026-02-20 10:22:29] [INFO] ページ 3 のプロセスを読み込みました (プロセス数: 3)
[2026-02-20 10:22:30] [INFO] ページ 4 のプロセスを読み込みました (プロセス数: 8)
[2026-02-20 10:22:32] [INFO] 編集モードを有効にしました
[2026-02-20 10:22:32] [INFO] ページ 4 のプロセスを読み込みました (プロセス数: 8)
[2026-02-20 10:22:40] [INFO] [Page:4 Process:1] ログ出力フォルダパス(LogOutputDir)を保存しました: coverage
[2026-02-20 10:22:40] [INFO] [Page:4 Process:1] ログ出力フォルダを設定しました: coverage (共通パスからの相対)
[2026-02-20 10:22:44] [INFO] 編集モードを無効にしました
[2026-02-20 10:22:44] [INFO] ページ 4 のプロセスを読み込みました (プロセス数: 8)
[2026-02-20 10:22:46] [WARN] [Page:4 Process:1] ログ出力フォルダが未設定のため開けません: ProcessIndex=0
[2026-02-20 10:22:47] [INFO] 編集モードを有効にしました
[2026-02-20 10:22:47] [INFO] ページ 4 のプロセスを読み込みました (プロセス数: 8)
[2026-02-20 10:22:51] [INFO] [Page:4 Process:1] ログ出力フォルダパス(LogOutputDir2)を保存しました: test
[2026-02-20 10:22:51] [INFO] [Page:4 Process:1] ログ出力フォルダを設定しました: test (共通パスからの相対)
[2026-02-20 10:22:53] [INFO] 編集モードを無効にしました
[2026-02-20 10:22:53] [INFO] ページ 4 のプロセスを読み込みました (プロセス数: 8)
[2026-02-20 10:22:54] [INFO] [Page:4 Process:1] ログ出力フォルダを開きました: C:\work\fizz-buzz\coverage
[2026-02-20 10:22:58] [INFO] [Page:4 Process:1] ログ出力フォルダを開きました: C:\work\fizz-buzz\test
[2026-02-20 10:23:03] [WARN] [Page:4 Process:2] ログ出力フォルダが未設定のため開けません: ProcessIndex=1
[2026-02-20 10:23:07] [ERROR] [Page:4 Process:1] バッチファイルが見つかりません: C:\work\fizz-buzz\sample2.bat
[2026-02-20 10:23:09] [INFO] [Page:4 Process:1] プロセス有効状態を保存しました: False
[2026-02-20 10:23:09] [INFO] ページ 4 のプロセスを読み込みました (プロセス数: 8)
[2026-02-20 10:23:10] [INFO] 編集モードを有効にしました
[2026-02-20 10:23:10] [INFO] ページ 4 のプロセスを読み込みました (プロセス数: 8)
[2026-02-20 10:23:11] [INFO] 編集モードを無効にしました
[2026-02-20 10:23:11] [INFO] ページ 4 のプロセスを読み込みました (プロセス数: 8)
