Session Started at 20260310_104858
[2026-03-10 10:48:58] [INFO] ページ 1 のプロセスを読み込みました (プロセス数: 2)
[2026-03-10 10:48:59] [INFO] アプリケーションを起動しました
[2026-03-10 10:48:59] [INFO] 設定ファイル: C:\work\iko_gui\config\json\config.json
[2026-03-10 10:48:59] [INFO] ページ数: 4
[2026-03-10 10:49:05] [INFO] ページ 2 のプロセスを読み込みました (プロセス数: 3)
[2026-03-10 10:49:05] [INFO] ページ 3 のプロセスを読み込みました (プロセス数: 3)
[2026-03-10 10:49:05] [INFO] ページ 4 のプロセスを読み込みました (プロセス数: 8)
[2026-03-10 10:49:08] [WARN] パスが存在しません: C:\work\logs\ec
[2026-03-10 10:49:15] [INFO] 編集モードを有効にしました
[2026-03-10 10:49:15] [INFO] ページ 4 のプロセスを読み込みました (プロセス数: 8)
[2026-03-10 10:49:20] [INFO] [Page:4 Process:3] プロセスV1抽出CSV格納先パスを保存しました: iko_gui\doc
[2026-03-10 10:49:20] [INFO] [Page:4 Process:3] V1抽出CSV格納先を設定しました: C:\work\iko_gui\doc
[2026-03-10 10:49:21] [INFO] 編集モードを無効にしました
[2026-03-10 10:49:21] [INFO] ページ 4 のプロセスを読み込みました (プロセス数: 8)
[2026-03-10 10:50:14] [INFO] 編集モードを有効にしました
[2026-03-10 10:50:14] [INFO] ページ 4 のプロセスを読み込みました (プロセス数: 8)
[2026-03-10 10:50:20] [INFO] ページ 4 のプロセスを読み込みました (プロセス数: 8)
[2026-03-10 10:50:30] [INFO] ページパスを保存しました: C:\work\iko_gui\config\json\page4.json
[2026-03-10 10:50:30] [INFO] ログ格納先を設定しました: C:\PerfLogs
[2026-03-10 10:50:30] [INFO] ページ 4 のプロセスを読み込みました (プロセス数: 8)
[2026-03-10 10:55:28] [INFO] ページ 3 のプロセスを読み込みました (プロセス数: 3)
[2026-03-10 10:55:30] [INFO] ページ 4 のプロセスを読み込みました (プロセス数: 8)
[2026-03-10 10:55:32] [INFO] ページ 3 のプロセスを読み込みました (プロセス数: 3)
[2026-03-10 10:55:32] [INFO] ページ 2 のプロセスを読み込みました (プロセス数: 3)
[2026-03-10 10:55:33] [INFO] ページ 1 のプロセスを読み込みました (プロセス数: 2)
[2026-03-10 10:55:35] [INFO] ページ 2 のプロセスを読み込みました (プロセス数: 3)
[2026-03-10 10:55:35] [INFO] ページ 3 のプロセスを読み込みました (プロセス数: 3)
[2026-03-10 10:55:36] [INFO] ページ 4 のプロセスを読み込みました (プロセス数: 8)
