Session Started at 20260210_134724
[2026-02-10 13:47:24] [INFO] ページ 1 のプロセスを読み込みました (プロセス数: 2)
[2026-02-10 13:47:24] [INFO] アプリケーションを起動しました
[2026-02-10 13:47:24] [INFO] 設定ファイル: C:\work\iko_gui\config\json\config.json
[2026-02-10 13:47:24] [INFO] ページ数: 4
[2026-02-10 13:47:26] [INFO] ページ 2 のプロセスを読み込みました (プロセス数: 3)
[2026-02-10 13:47:27] [INFO] ページ 3 のプロセスを読み込みました (プロセス数: 3)
[2026-02-10 13:47:27] [INFO] ページ 4 のプロセスを読み込みました (プロセス数: 3)
[2026-02-10 13:47:30] [INFO] 編集モードを有効にしました
[2026-02-10 13:47:30] [INFO] ページ 4 のプロセスを読み込みました (プロセス数: 3)
[2026-02-10 13:47:37] [INFO] [Page:4 Process:1] プロセスKDL変換CSV格納元パスを保存しました: C:\work\test\fizz-buzz\test
[2026-02-10 13:47:37] [INFO] [Page:4 Process:1] KDL変換CSV格納元を設定しました: C:\work\test\fizz-buzz\test
[2026-02-10 13:48:00] [INFO] [Page:4 Process:1] プロセスKDL変換CSV格納先パスを保存しました: eb
[2026-02-10 13:48:00] [INFO] [Page:4 Process:1] KDL変換CSV格納先を設定しました: C:\work\iko_gui\eb
[2026-02-10 13:48:21] [INFO] [Page:4 Process:1] プロセスKDL変換CSV格納元パスを保存しました: log2
[2026-02-10 13:48:21] [INFO] [Page:4 Process:1] KDL変換CSV格納元を設定しました: C:\work\iko_gui\log2
[2026-02-10 13:48:45] [INFO] [Page:4 Process:2] プロセスKDL変換CSV格納先パスを保存しました: summary
[2026-02-10 13:48:45] [INFO] [Page:4 Process:2] KDL変換CSV格納先を設定しました: C:\work\iko_gui\summary
[2026-02-10 13:49:02] [INFO] [Page:4 Process:3] プロセスV1抽出CSV格納先パスを保存しました: logs\eb
[2026-02-10 13:49:02] [INFO] [Page:4 Process:3] V1抽出CSV格納先を設定しました: C:\work\iko_gui\logs\eb
