Session Started at 20260317_185028
[2026-03-17 18:50:29] [INFO] ページ 1 のプロセスを読み込みました (プロセス数: 2)
[2026-03-17 18:50:29] [INFO] アプリケーションを起動しました
[2026-03-17 18:50:29] [INFO] 設定ファイル: C:\work\iko_gui\config\json\config.json
[2026-03-17 18:50:29] [INFO] ページ数: 4
[2026-03-17 18:50:31] [INFO] ページ 2 のプロセスを読み込みました (プロセス数: 3)
[2026-03-17 18:50:32] [INFO] ページ 3 のプロセスを読み込みました (プロセス数: 3)
[2026-03-17 18:50:33] [INFO] ページ 4 のプロセスを読み込みました (プロセス数: 8)
[2026-03-17 18:50:40] [INFO] 編集モードを有効にしました
[2026-03-17 18:50:40] [INFO] ページ 4 のプロセスを読み込みました (プロセス数: 8)
[2026-03-17 18:50:41] [INFO] 編集モードを無効にしました
[2026-03-17 18:50:41] [INFO] ページ 4 のプロセスを読み込みました (プロセス数: 8)
[2026-03-17 18:50:42] [INFO] 編集モードを有効にしました
[2026-03-17 18:50:42] [INFO] ページ 4 のプロセスを読み込みました (プロセス数: 8)
[2026-03-17 18:50:46] [INFO] 編集モードを無効にしました
[2026-03-17 18:50:46] [INFO] ページ 4 のプロセスを読み込みました (プロセス数: 8)
[2026-03-17 18:50:48] [INFO] [Page:4 Process:1] バッチファイル実行開始: バッチファイル (C:\work\iko_gui\run.bat)
[2026-03-17 18:50:52] [INFO] [Page:4 Process:1] バッチファイル実行完了 (ウィンドウ切断: -1073741510)
[2026-03-17 18:50:52] [INFO] [Page:4 Process:1] コンポーネント実行状態を保存しました: AfterImportButton_Executed = True
[2026-03-17 18:50:52] [INFO] ページ 4 のプロセスを読み込みました (プロセス数: 8)
[2026-03-17 18:50:53] [INFO] [Page:4 Process:1] バッチファイル実行開始: メンテEA (C:\work\iko_gui\run.bat)
[2026-03-17 18:50:55] [INFO] [Page:4 Process:1] バッチファイル実行完了 (ウィンドウ切断: -1073741510)
[2026-03-17 18:50:55] [INFO] [Page:4 Process:1] コンポーネント実行状態を保存しました: MaintButton1_Executed = True
[2026-03-17 18:50:55] [INFO] ページ 4 のプロセスを読み込みました (プロセス数: 8)
[2026-03-17 18:50:56] [ERROR] [Page:4 Process:1] バッチファイルパスが空です
[2026-03-17 18:50:56] [INFO] [Page:4 Process:1] コンポーネント実行状態を保存しました: MaintButton2_Executed = True
[2026-03-17 18:50:56] [INFO] ページ 4 のプロセスを読み込みました (プロセス数: 8)
[2026-03-17 18:50:59] [INFO] [Page:4 Process:2] バッチファイル実行開始: バッチファイル (C:\work\SpringSample\gradlew.bat)
[2026-03-17 18:51:04] [INFO] [Page:4 Process:2] バッチファイル実行完了 (ウィンドウ切断: -1073741510)
[2026-03-17 18:51:04] [INFO] [Page:4 Process:2] コンポーネント実行状態を保存しました: AfterImportButton_Executed = True
[2026-03-17 18:51:04] [INFO] ページ 4 のプロセスを読み込みました (プロセス数: 8)
[2026-03-17 18:51:08] [INFO] [Page:4 Process:3] バッチファイル実行開始: 直接取込 (C:\work\SpringSample\gradlew.bat)
[2026-03-17 18:51:09] [INFO] [Page:4 Process:3] バッチファイル実行完了 (ウィンドウ切断: -1073741510)
[2026-03-17 18:51:09] [INFO] [Page:4 Process:3] コンポーネント実行状態を保存しました: DirectImportButton_Executed = True
[2026-03-17 18:51:09] [INFO] ページ 4 のプロセスを読み込みました (プロセス数: 8)
[2026-03-17 18:51:11] [INFO] [Page:4 Process:3] バッチファイル実行開始: 取込後 (C:\work\SpringSample\gradlew.bat)
[2026-03-17 18:51:13] [INFO] [Page:4 Process:3] バッチファイル実行完了 (ウィンドウ切断: -1073741510)
[2026-03-17 18:51:13] [INFO] [Page:4 Process:3] コンポーネント実行状態を保存しました: AfterImportButton_Executed = True
[2026-03-17 18:51:13] [INFO] ページ 4 のプロセスを読み込みました (プロセス数: 8)
