Session Started at 20260311_153730
[2026-03-11 15:37:31] [INFO] ページ 1 のプロセスを読み込みました (プロセス数: 2)
[2026-03-11 15:37:31] [INFO] アプリケーションを起動しました
[2026-03-11 15:37:31] [INFO] 設定ファイル: C:\work\iko_gui\config\json\config.json
[2026-03-11 15:37:31] [INFO] ページ数: 4
[2026-03-11 15:37:34] [INFO] ページ 2 のプロセスを読み込みました (プロセス数: 3)
[2026-03-11 15:37:36] [INFO] ページ 3 のプロセスを読み込みました (プロセス数: 3)
[2026-03-11 15:37:37] [INFO] ページ 4 のプロセスを読み込みました (プロセス数: 8)
[2026-03-11 15:37:44] [INFO] 編集モードを有効にしました
[2026-03-11 15:37:44] [INFO] ページ 4 のプロセスを読み込みました (プロセス数: 8)
[2026-03-11 15:37:46] [INFO] 編集モードを無効にしました
[2026-03-11 15:37:46] [INFO] ページ 4 のプロセスを読み込みました (プロセス数: 8)
[2026-03-11 15:37:47] [INFO] ページ 3 のプロセスを読み込みました (プロセス数: 3)
[2026-03-11 15:37:53] [INFO] ページ 4 のプロセスを読み込みました (プロセス数: 8)
[2026-03-11 15:37:54] [INFO] ページ 3 のプロセスを読み込みました (プロセス数: 3)
[2026-03-11 15:37:58] [WARN] パスが存在しません: C:\work\logs\test
[2026-03-11 15:38:09] [WARN] パスが存在しません: \\network\share\logs
[2026-03-11 15:38:15] [INFO] ページ 4 のプロセスを読み込みました (プロセス数: 8)
[2026-03-11 15:38:17] [WARN] パスが存在しません: C:\work\coverage
[2026-03-11 15:38:26] [INFO] ページ 3 のプロセスを読み込みました (プロセス数: 3)
[2026-03-11 15:38:26] [INFO] ページ 2 のプロセスを読み込みました (プロセス数: 3)
[2026-03-11 15:38:27] [INFO] ページ 1 のプロセスを読み込みました (プロセス数: 2)
[2026-03-11 15:38:28] [INFO] ページ 2 のプロセスを読み込みました (プロセス数: 3)
[2026-03-11 15:38:35] [INFO] ページ 1 のプロセスを読み込みました (プロセス数: 2)
[2026-03-11 15:38:36] [WARN] パスが存在しません: C:\work\upload
[2026-03-11 15:38:48] [INFO] 編集モードを有効にしました
[2026-03-11 15:38:48] [INFO] ページ 1 のプロセスを読み込みました (プロセス数: 2)
[2026-03-11 15:38:54] [INFO] ページパスを保存しました: C:\work\iko_gui\config\json\page1.json
[2026-03-11 15:38:54] [INFO] ログ格納先を設定しました: C:\work\iko_gui\logs
[2026-03-11 15:38:54] [INFO] ページ 1 のプロセスを読み込みました (プロセス数: 2)
[2026-03-11 15:38:56] [INFO] 編集モードを無効にしました
[2026-03-11 15:38:56] [INFO] ページ 1 のプロセスを読み込みました (プロセス数: 2)
[2026-03-11 15:38:59] [INFO] ページ 2 のプロセスを読み込みました (プロセス数: 3)
[2026-03-11 15:39:01] [INFO] ページ 3 のプロセスを読み込みました (プロセス数: 3)
[2026-03-11 15:39:01] [INFO] 編集モードを有効にしました
[2026-03-11 15:39:01] [INFO] ページ 3 のプロセスを読み込みました (プロセス数: 3)
[2026-03-11 15:39:06] [INFO] ページパスを保存しました: C:\work\iko_gui\config\json\page3.json
[2026-03-11 15:39:06] [INFO] ログ格納先を設定しました: C:\work\iko_gui\upload
[2026-03-11 15:39:06] [INFO] ページ 3 のプロセスを読み込みました (プロセス数: 3)
[2026-03-11 15:39:07] [INFO] 編集モードを無効にしました
[2026-03-11 15:39:07] [INFO] ページ 3 のプロセスを読み込みました (プロセス数: 3)
[2026-03-11 15:39:11] [INFO] ページ 4 のプロセスを読み込みました (プロセス数: 8)
[2026-03-11 15:39:13] [WARN] パスが存在しません: C:\work\coverage
[2026-03-11 15:39:14] [INFO] 編集モードを有効にしました
[2026-03-11 15:39:14] [INFO] ページ 4 のプロセスを読み込みました (プロセス数: 8)
[2026-03-11 15:39:18] [INFO] ページパスを保存しました: C:\work\iko_gui\config\json\page4.json
[2026-03-11 15:39:18] [INFO] ログ格納先を設定しました: C:\work\iko_gui
[2026-03-11 15:39:18] [INFO] ページ 4 のプロセスを読み込みました (プロセス数: 8)
[2026-03-11 15:39:20] [INFO] 編集モードを無効にしました
[2026-03-11 15:39:20] [INFO] ページ 4 のプロセスを読み込みました (プロセス数: 8)
[2026-03-11 15:42:18] [INFO] ページ 3 のプロセスを読み込みました (プロセス数: 3)
[2026-03-11 15:42:19] [INFO] ページ 2 のプロセスを読み込みました (プロセス数: 3)
[2026-03-11 15:42:19] [INFO] ページ 1 のプロセスを読み込みました (プロセス数: 2)
