Session Started at 20260304_185545
[2026-03-04 18:55:46] [INFO] ページ 1 のプロセスを読み込みました (プロセス数: 2)
[2026-03-04 18:55:47] [INFO] アプリケーションを起動しました
[2026-03-04 18:55:47] [INFO] 設定ファイル: C:\work\iko_gui\config\json\config.json
[2026-03-04 18:55:47] [INFO] ページ数: 4
[2026-03-04 18:55:49] [INFO] 編集モードを有効にしました
[2026-03-04 18:55:49] [INFO] ページ 1 のプロセスを読み込みました (プロセス数: 2)
[2026-03-04 18:55:51] [INFO] 編集モードを無効にしました
[2026-03-04 18:55:51] [INFO] ページ 1 のプロセスを読み込みました (プロセス数: 2)
[2026-03-04 18:55:52] [INFO] ページ 2 のプロセスを読み込みました (プロセス数: 3)
[2026-03-04 18:55:52] [INFO] ページ 3 のプロセスを読み込みました (プロセス数: 3)
[2026-03-04 18:55:52] [INFO] ページ 4 のプロセスを読み込みました (プロセス数: 8)
[2026-03-04 18:55:57] [INFO] 編集モードを有効にしました
[2026-03-04 18:55:57] [INFO] ページ 4 のプロセスを読み込みました (プロセス数: 8)
[2026-03-04 18:56:02] [INFO] [Page:4 Process:4] ログ出力フォルダパス(LogOutputDir)を保存しました: node_modules
[2026-03-04 18:56:02] [INFO] [Page:4 Process:4] ログ出力フォルダを設定しました: node_modules (共通パスからの相対)
[2026-03-04 18:56:06] [INFO] [Page:4 Process:5] ログ出力フォルダパス(LogOutputDir)を保存しました: coverage
[2026-03-04 18:56:07] [INFO] [Page:4 Process:5] ログ出力フォルダを設定しました: coverage (共通パスからの相対)
[2026-03-04 18:56:09] [INFO] 編集モードを無効にしました
[2026-03-04 18:56:09] [INFO] ページ 4 のプロセスを読み込みました (プロセス数: 8)
[2026-03-04 18:56:11] [INFO] [Page:4 Process:4] ログ出力フォルダを開きました: C:\work\fizz-buzz\node_modules
[2026-03-04 18:56:14] [INFO] [Page:4 Process:5] ログ出力フォルダを開きました: C:\work\fizz-buzz\coverage
[2026-03-04 18:56:25] [INFO] 編集モードを有効にしました
[2026-03-04 18:56:25] [INFO] ページ 4 のプロセスを読み込みました (プロセス数: 8)
[2026-03-04 18:59:21] [INFO] 編集モードを無効にしました
[2026-03-04 18:59:21] [INFO] ページ 4 のプロセスを読み込みました (プロセス数: 8)
[2026-03-04 18:59:39] [INFO] 編集モードを有効にしました
[2026-03-04 18:59:39] [INFO] ページ 4 のプロセスを読み込みました (プロセス数: 8)
[2026-03-04 18:59:40] [INFO] 編集モードを無効にしました
[2026-03-04 18:59:40] [INFO] ページ 4 のプロセスを読み込みました (プロセス数: 8)
[2026-03-04 18:59:43] [INFO] 編集モードを有効にしました
[2026-03-04 18:59:43] [INFO] ページ 4 のプロセスを読み込みました (プロセス数: 8)
[2026-03-04 19:00:03] [ERROR] [Page:4 Process:2] バッチファイルは共通パス（C:\work\fizz-buzz）配下に配置する必要があります: C:\work\iko_gui\run.bat
[2026-03-04 19:00:04] [INFO] [Page:4 Process:2] 直接取込用バッチファイルを設定しました: C:\work\iko_gui\run.bat
[2026-03-04 19:00:06] [INFO] ページ 4 のプロセスを読み込みました (プロセス数: 8)
[2026-03-04 19:00:20] [INFO] 編集モードを無効にしました
[2026-03-04 19:00:20] [INFO] ページ 4 のプロセスを読み込みました (プロセス数: 8)
[2026-03-04 19:00:22] [INFO] [Page:4 Process:2] ログ出力フォルダを開きました: C:\work\fizz-buzz\coverage
[2026-03-04 19:00:26] [INFO] 編集モードを有効にしました
[2026-03-04 19:00:26] [INFO] ページ 4 のプロセスを読み込みました (プロセス数: 8)
[2026-03-04 19:01:07] [INFO] ページ 4 のプロセスを読み込みました (プロセス数: 8)
[2026-03-04 19:01:23] [INFO] 編集モードを無効にしました
[2026-03-04 19:01:23] [INFO] ページ 4 のプロセスを読み込みました (プロセス数: 8)
[2026-03-04 19:01:24] [INFO] 編集モードを有効にしました
[2026-03-04 19:01:25] [INFO] ページ 4 のプロセスを読み込みました (プロセス数: 8)
[2026-03-04 19:01:38] [INFO] [Page:4 Process:2] バッチファイルパスを保存しました (Index: 1): iko_gui\run.bat
[2026-03-04 19:01:38] [INFO] [Page:4 Process:2] 直接取込用バッチファイルを設定しました: C:\work\iko_gui\run.bat
[2026-03-04 19:01:39] [INFO] ページ 4 のプロセスを読み込みました (プロセス数: 8)
[2026-03-04 19:01:52] [INFO] [Page:4 Process:2] バッチファイルパスを保存しました (Index: 0): SpringSample\gradlew.bat
[2026-03-04 19:01:52] [INFO] [Page:4 Process:2] KDL取込用バッチファイルを設定しました: C:\work\SpringSample\gradlew.bat
[2026-03-04 19:01:52] [INFO] ページ 4 のプロセスを読み込みました (プロセス数: 8)
[2026-03-04 19:01:56] [INFO] 編集モードを無効にしました
[2026-03-04 19:01:56] [INFO] ページ 4 のプロセスを読み込みました (プロセス数: 8)
[2026-03-04 19:01:57] [INFO] [Page:4 Process:2] バッチファイル実行開始: サンプル2 (C:\work\SpringSample\gradlew.bat)
[2026-03-04 19:01:59] [INFO] [Page:4 Process:2] バッチファイル実行完了 (ウィンドウ切断: -1073741510)
[2026-03-04 19:02:01] [INFO] [Page:4 Process:2] バッチファイル実行開始: バッチファイル (C:\work\iko_gui\run.bat)
[2026-03-04 19:02:03] [INFO] [Page:4 Process:2] バッチファイル実行完了 (ウィンドウ切断: -1073741510)
[2026-03-04 19:03:35] [INFO] ページ 3 のプロセスを読み込みました (プロセス数: 3)
[2026-03-04 19:03:35] [INFO] ページ 2 のプロセスを読み込みました (プロセス数: 3)
[2026-03-04 19:03:37] [INFO] ページ 3 のプロセスを読み込みました (プロセス数: 3)
[2026-03-04 19:03:48] [INFO] 編集モードを有効にしました
[2026-03-04 19:03:48] [INFO] ページ 3 のプロセスを読み込みました (プロセス数: 3)
[2026-03-04 19:03:51] [INFO] ページパスを保存しました: C:\work\iko_gui\config\json\page3.json
[2026-03-04 19:03:51] [ERROR] ページJSONファイルの保存に失敗しました: "SourcePath" の設定中に例外が発生しました: "このオブジェクトにプロパティ 'SourcePath' が見つかりません。プロパティが存在し、設定可能であることを確認してください。"
[2026-03-04 19:03:51] [INFO] V1抽出CSV格納元を設定しました: C:\MELSEC\NNavi\DataAbsorber
[2026-03-04 19:03:53] [INFO] 編集モードを無効にしました
[2026-03-04 19:03:53] [INFO] ページ 3 のプロセスを読み込みました (プロセス数: 3)
[2026-03-04 19:04:41] [INFO] ページ 2 のプロセスを読み込みました (プロセス数: 3)
[2026-03-04 19:04:47] [INFO] 編集モードを有効にしました
[2026-03-04 19:04:47] [INFO] ページ 2 のプロセスを読み込みました (プロセス数: 3)
[2026-03-04 19:04:48] [INFO] 編集モードを無効にしました
[2026-03-04 19:04:48] [INFO] ページ 2 のプロセスを読み込みました (プロセス数: 3)
[2026-03-04 19:04:49] [WARN] パスが存在しません: C:\work\node_modules
[2026-03-04 19:04:51] [INFO] 編集モードを有効にしました
[2026-03-04 19:04:51] [INFO] ページ 2 のプロセスを読み込みました (プロセス数: 3)
[2026-03-04 19:04:58] [INFO] ページパスを保存しました: C:\work\iko_gui\config\json\page2.json
[2026-03-04 19:04:58] [ERROR] ページJSONファイルの保存に失敗しました: "LogStoragePath" の設定中に例外が発生しました: "このオブジェクトにプロパティ 'LogStoragePath' が見つかりません。プロパティが存在し、設定可能であることを確認してください。"
[2026-03-04 19:04:58] [INFO] ログ格納先を設定しました: C:\work\iko_gui\logs
[2026-03-04 19:04:58] [INFO] ページ 2 のプロセスを読み込みました (プロセス数: 3)
