Session Started at 20260317_191347
[2026-03-17 19:13:48] [INFO] ページ 1 のプロセスを読み込みました (プロセス数: 2)
[2026-03-17 19:13:48] [INFO] アプリケーションを起動しました
[2026-03-17 19:13:48] [INFO] 設定ファイル: C:\work\iko_gui\config\json\config.json
[2026-03-17 19:13:48] [INFO] ページ数: 4
[2026-03-17 19:13:49] [INFO] ページ 2 のプロセスを読み込みました (プロセス数: 3)
[2026-03-17 19:13:49] [INFO] ページ 3 のプロセスを読み込みました (プロセス数: 3)
[2026-03-17 19:13:49] [INFO] ページ 4 のプロセスを読み込みました (プロセス数: 8)
[2026-03-17 19:13:51] [INFO] 編集モードを有効にしました
[2026-03-17 19:13:51] [INFO] ページ 4 のプロセスを読み込みました (プロセス数: 8)
[2026-03-17 19:13:53] [INFO] [Page:4 Process:1] プロセス有効状態を保存しました: True
[2026-03-17 19:13:53] [INFO] ページ 4 のプロセスを読み込みました (プロセス数: 8)
[2026-03-17 19:13:53] [INFO] 編集モードを無効にしました
[2026-03-17 19:13:53] [INFO] ページ 4 のプロセスを読み込みました (プロセス数: 8)
[2026-03-17 19:13:56] [ERROR] [Page:4 Process:1] バッチファイルが見つかりません: C:\work\sample2.bat
[2026-03-17 19:13:57] [INFO] [Page:4 Process:1] コンポーネント実行状態を保存しました: KdlEbButton_Executed = True
[2026-03-17 19:13:57] [INFO] ページ 4 のプロセスを読み込みました (プロセス数: 8)
[2026-03-17 19:13:59] [INFO] [Page:4 Process:1] バッチファイル実行開始: KDL取込(KDB) (C:\work\iko_gui\run.bat)
[2026-03-17 19:14:00] [INFO] [Page:4 Process:1] バッチファイル実行完了 (ウィンドウ切断: -1073741510)
[2026-03-17 19:14:00] [INFO] [Page:4 Process:1] コンポーネント実行状態を保存しました: KdlKdbButton_Executed = True
[2026-03-17 19:14:00] [INFO] ページ 4 のプロセスを読み込みました (プロセス数: 8)
