Session Started at 20260212_093155
[2026-02-12 09:31:55] [INFO] ページ 1 のプロセスを読み込みました (プロセス数: 2)
[2026-02-12 09:31:56] [INFO] アプリケーションを起動しました
[2026-02-12 09:31:56] [INFO] 設定ファイル: C:\work\iko_gui\config\json\config.json
[2026-02-12 09:31:56] [INFO] ページ数: 4
[2026-02-12 09:31:57] [INFO] ページ 2 のプロセスを読み込みました (プロセス数: 3)
[2026-02-12 09:31:57] [INFO] ページ 3 のプロセスを読み込みました (プロセス数: 3)
[2026-02-12 09:31:58] [INFO] ページ 4 のプロセスを読み込みました (プロセス数: 3)
[2026-02-12 09:32:06] [INFO] [Page:4 Process:1] ログ出力フォルダを開きました: C:\work\iko_gui\logs
[2026-02-12 09:32:27] [INFO] ページ 3 のプロセスを読み込みました (プロセス数: 3)
[2026-02-12 09:32:29] [INFO] ページ 4 のプロセスを読み込みました (プロセス数: 3)
[2026-02-12 09:32:30] [INFO] ページ 3 のプロセスを読み込みました (プロセス数: 3)
[2026-02-12 09:32:31] [INFO] ページ 2 のプロセスを読み込みました (プロセス数: 3)
[2026-02-12 09:32:32] [INFO] ページ 3 のプロセスを読み込みました (プロセス数: 3)
[2026-02-12 09:32:33] [INFO] ページ 2 のプロセスを読み込みました (プロセス数: 3)
[2026-02-12 09:32:37] [INFO] [Page:2 Process:1] ログ出力フォルダを開きました: C:\work\iko_gui\logs
[2026-02-12 09:33:03] [INFO] ページ 3 のプロセスを読み込みました (プロセス数: 3)
[2026-02-12 09:33:05] [INFO] ページ 4 のプロセスを読み込みました (プロセス数: 3)
[2026-02-12 09:35:00] [INFO] ページ 3 のプロセスを読み込みました (プロセス数: 3)
[2026-02-12 09:35:02] [INFO] ページ 2 のプロセスを読み込みました (プロセス数: 3)
[2026-02-12 09:35:03] [INFO] ページ 1 のプロセスを読み込みました (プロセス数: 2)
[2026-02-12 09:35:04] [INFO] ページ 2 のプロセスを読み込みました (プロセス数: 3)
[2026-02-12 09:35:05] [INFO] ページ 3 のプロセスを読み込みました (プロセス数: 3)
[2026-02-12 09:35:06] [INFO] ページ 4 のプロセスを読み込みました (プロセス数: 3)
