Session Started at 20260212_131911
[2026-02-12 13:19:11] [INFO] ページ 1 のプロセスを読み込みました (プロセス数: 2)
[2026-02-12 13:19:12] [INFO] アプリケーションを起動しました
[2026-02-12 13:19:12] [INFO] 設定ファイル: C:\work\iko_gui\config\json\config.json
[2026-02-12 13:19:12] [INFO] ページ数: 4
[2026-02-12 13:19:13] [INFO] ページ 2 のプロセスを読み込みました (プロセス数: 3)
[2026-02-12 13:19:14] [INFO] ページ 3 のプロセスを読み込みました (プロセス数: 3)
[2026-02-12 13:19:14] [INFO] ページ 4 のプロセスを読み込みました (プロセス数: 3)
[2026-02-12 13:19:17] [INFO] 編集モードを有効にしました
[2026-02-12 13:19:17] [INFO] ページ 4 のプロセスを読み込みました (プロセス数: 3)
[2026-02-12 13:19:19] [INFO] 編集モードを無効にしました
[2026-02-12 13:19:19] [INFO] ページ 4 のプロセスを読み込みました (プロセス数: 3)
[2026-02-12 13:19:32] [INFO] 編集モードを有効にしました
[2026-02-12 13:19:32] [INFO] ページ 4 のプロセスを読み込みました (プロセス数: 3)
[2026-02-12 13:19:37] [INFO] 編集モードを無効にしました
[2026-02-12 13:19:37] [INFO] ページ 4 のプロセスを読み込みました (プロセス数: 3)
[2026-02-12 13:19:41] [INFO] 編集モードを有効にしました
[2026-02-12 13:19:41] [INFO] ページ 4 のプロセスを読み込みました (プロセス数: 3)
[2026-02-12 13:19:42] [INFO] 新しい行を追加しました
[2026-02-12 13:19:42] [INFO] ページ 4 のプロセスを読み込みました (プロセス数: 4)
[2026-02-12 13:19:44] [INFO] 新しい行を追加しました
[2026-02-12 13:19:44] [INFO] ページ 4 のプロセスを読み込みました (プロセス数: 5)
[2026-02-12 13:19:48] [INFO] 新しい行を追加しました
[2026-02-12 13:19:48] [INFO] ページ 4 のプロセスを読み込みました (プロセス数: 6)
[2026-02-12 13:20:00] [INFO] 編集モードを無効にしました
[2026-02-12 13:20:00] [INFO] ページ 4 のプロセスを読み込みました (プロセス数: 6)
[2026-02-12 13:20:02] [INFO] 編集モードを有効にしました
[2026-02-12 13:20:02] [INFO] ページ 4 のプロセスを読み込みました (プロセス数: 6)
[2026-02-12 13:20:10] [INFO] 3行を削除しました
[2026-02-12 13:20:10] [INFO] ページ 4 のプロセスを読み込みました (プロセス数: 3)
[2026-02-12 13:20:13] [INFO] 編集モードを無効にしました
[2026-02-12 13:20:13] [INFO] ページ 4 のプロセスを読み込みました (プロセス数: 3)
[2026-02-12 13:20:20] [INFO] 編集モードを有効にしました
[2026-02-12 13:20:20] [INFO] ページ 4 のプロセスを読み込みました (プロセス数: 3)
[2026-02-12 13:20:22] [INFO] 新しい行を追加しました
[2026-02-12 13:20:22] [INFO] ページ 4 のプロセスを読み込みました (プロセス数: 4)
[2026-02-12 13:20:24] [INFO] 新しい行を追加しました
[2026-02-12 13:20:24] [INFO] ページ 4 のプロセスを読み込みました (プロセス数: 5)
[2026-02-12 13:20:25] [INFO] 新しい行を追加しました
[2026-02-12 13:20:25] [INFO] ページ 4 のプロセスを読み込みました (プロセス数: 6)
[2026-02-12 13:20:25] [INFO] 新しい行を追加しました
[2026-02-12 13:20:25] [INFO] ページ 4 のプロセスを読み込みました (プロセス数: 7)
[2026-02-12 13:20:25] [INFO] 新しい行を追加しました
[2026-02-12 13:20:25] [INFO] ページ 4 のプロセスを読み込みました (プロセス数: 8)
[2026-02-12 13:21:33] [INFO] 編集モードを無効にしました
[2026-02-12 13:21:33] [INFO] ページ 4 のプロセスを読み込みました (プロセス数: 8)
