Session Started at 20260220_091102
[2026-02-20 09:11:03] [INFO] ページ 1 のプロセスを読み込みました (プロセス数: 2)
[2026-02-20 09:11:03] [INFO] アプリケーションを起動しました
[2026-02-20 09:11:03] [INFO] 設定ファイル: C:\work\iko_gui\config\json\config.json
[2026-02-20 09:11:03] [INFO] ページ数: 4
[2026-02-20 09:11:04] [INFO] ページ 2 のプロセスを読み込みました (プロセス数: 3)
[2026-02-20 09:11:05] [INFO] ページ 3 のプロセスを読み込みました (プロセス数: 3)
[2026-02-20 09:11:05] [INFO] ページ 4 のプロセスを読み込みました (プロセス数: 8)
[2026-02-20 09:11:08] [INFO] 編集モードを有効にしました
[2026-02-20 09:11:08] [INFO] ページ 4 のプロセスを読み込みました (プロセス数: 8)
[2026-02-20 09:11:19] [INFO] Path Check - Base: 'C:\work', Target: 'C:\work\新しいフォルダー\新しいフォルダー\sample.bat'
[2026-02-20 09:11:19] [INFO] ログ格納用バッチファイルパスを保存しました: 新しいフォルダー\新しいフォルダー\sample.bat
[2026-02-20 09:11:19] [INFO] ログ格納用バッチファイルを設定しました: C:\work\新しいフォルダー\新しいフォルダー\sample.bat
[2026-02-20 09:11:21] [INFO] ページ 4 のプロセスを読み込みました (プロセス数: 8)
[2026-02-20 09:11:22] [INFO] 編集モードを無効にしました
[2026-02-20 09:11:22] [INFO] ページ 4 のプロセスを読み込みました (プロセス数: 8)
[2026-02-20 09:11:24] [INFO] 編集モードを有効にしました
[2026-02-20 09:11:24] [INFO] ページ 4 のプロセスを読み込みました (プロセス数: 8)
[2026-02-20 09:11:29] [INFO] 編集モードを無効にしました
[2026-02-20 09:11:29] [INFO] ページ 4 のプロセスを読み込みました (プロセス数: 8)
[2026-02-20 09:11:30] [INFO] バッチファイル実行開始: ログ格納用バッチファイル (C:\work\新しいフォルダー\新しいフォルダー\sample.bat)
[2026-02-20 09:11:31] [INFO] バッチファイル実行完了 (ウィンドウ切断: -1073741510)
[2026-02-20 09:11:31] [INFO] ログ格納処理が正常に完了しました
[2026-02-20 09:11:32] [INFO] 編集モードを有効にしました
[2026-02-20 09:11:32] [INFO] ページ 4 のプロセスを読み込みました (プロセス数: 8)
[2026-02-20 09:11:37] [INFO] ページ 4 のプロセスを読み込みました (プロセス数: 8)
[2026-02-20 09:11:38] [INFO] 編集モードを無効にしました
[2026-02-20 09:11:38] [INFO] ページ 4 のプロセスを読み込みました (プロセス数: 8)
[2026-02-20 09:11:39] [ERROR] バッチファイルが見つかりません: C:\work\fizz-buzz\新しいフォルダー\新しいフォルダー\sample.bat
[2026-02-20 09:11:42] [INFO] ログ格納処理が正常に完了しました
[2026-02-20 09:11:43] [INFO] 編集モードを有効にしました
[2026-02-20 09:11:43] [INFO] ページ 4 のプロセスを読み込みました (プロセス数: 8)
[2026-02-20 09:33:32] [INFO] 編集モードを無効にしました
[2026-02-20 09:33:32] [INFO] ページ 4 のプロセスを読み込みました (プロセス数: 8)
[2026-02-20 09:34:52] [INFO] 編集モードを有効にしました
[2026-02-20 09:34:52] [INFO] ページ 4 のプロセスを読み込みました (プロセス数: 8)
[2026-02-20 09:34:56] [INFO] [Page:4 Process:1] ログ出力フォルダパスを保存しました: test
[2026-02-20 09:34:56] [INFO] [Page:4 Process:1] ログ出力フォルダを設定しました: test (共通パスからの相対)
[2026-02-20 09:35:01] [INFO] [Page:4 Process:1] ログ出力フォルダパスを保存しました: coverage
[2026-02-20 09:35:01] [INFO] [Page:4 Process:1] ログ出力フォルダを設定しました: coverage (共通パスからの相対)
[2026-02-20 09:35:03] [INFO] 編集モードを無効にしました
[2026-02-20 09:35:03] [INFO] ページ 4 のプロセスを読み込みました (プロセス数: 8)
[2026-02-20 09:35:04] [INFO] [Page:4 Process:1] ログ出力フォルダを開きました: C:\work\fizz-buzz\coverage
[2026-02-20 09:35:08] [INFO] [Page:4 Process:1] ログ出力フォルダを開きました: C:\work\fizz-buzz\coverage
[2026-02-20 10:02:21] [INFO] 編集モードを有効にしました
[2026-02-20 10:02:21] [INFO] ページ 4 のプロセスを読み込みました (プロセス数: 8)
[2026-02-20 10:02:26] [INFO] [Page:4 Process:1] ログ出力フォルダパスを保存しました: .
[2026-02-20 10:02:26] [INFO] [Page:4 Process:1] ログ出力フォルダを設定しました: . (共通パスからの相対)
[2026-02-20 10:02:27] [INFO] 編集モードを無効にしました
[2026-02-20 10:02:27] [INFO] ページ 4 のプロセスを読み込みました (プロセス数: 8)
[2026-02-20 10:02:28] [INFO] [Page:4 Process:1] ログ出力フォルダを開きました: C:\work\fizz-buzz\.
[2026-02-20 10:02:32] [INFO] [Page:4 Process:1] ログ出力フォルダを開きました: C:\work\fizz-buzz\.
[2026-02-20 10:09:06] [INFO] ページ 3 のプロセスを読み込みました (プロセス数: 3)
