Session Started at 20260216_161616
[2026-02-16 16:16:17] [INFO] ページ 1 のプロセスを読み込みました (プロセス数: 2)
[2026-02-16 16:16:17] [INFO] アプリケーションを起動しました
[2026-02-16 16:16:17] [INFO] 設定ファイル: C:\work\iko_gui\config\json\config.json
[2026-02-16 16:16:17] [INFO] ページ数: 4
[2026-02-16 16:16:22] [INFO] 編集モードを有効にしました
[2026-02-16 16:16:23] [INFO] ページ 1 のプロセスを読み込みました (プロセス数: 2)
[2026-02-16 16:16:32] [INFO] ログ集約用バッチファイルを設定しました: C:\work\SpringSample\gradlew.bat
[2026-02-16 16:16:32] [INFO] ログ集約用バッチファイルを設定しました: C:\work\SpringSample\gradlew.bat
[2026-02-16 16:16:33] [INFO] ページ 1 のプロセスを読み込みました (プロセス数: 2)
[2026-02-16 16:16:43] [INFO] ログ集約用バッチファイルを設定しました: C:\work\iko_gui\run.bat
[2026-02-16 16:16:43] [INFO] ログ集約用バッチファイルを設定しました: C:\work\iko_gui\run.bat
[2026-02-16 16:16:44] [INFO] ページ 1 のプロセスを読み込みました (プロセス数: 2)
[2026-02-16 16:16:45] [INFO] 編集モードを無効にしました
[2026-02-16 16:16:45] [INFO] ページ 1 のプロセスを読み込みました (プロセス数: 2)
[2026-02-16 16:16:46] [INFO] バッチファイル実行開始: run.bat (C:\work\iko_gui\run.bat)
[2026-02-16 16:16:49] [INFO] バッチファイル実行完了 (ウィンドウ切断: -1073741510)
[2026-02-16 16:16:49] [INFO] ログ集約処理が正常に完了しました
[2026-02-16 16:16:51] [INFO] 編集モードを有効にしました
[2026-02-16 16:16:51] [INFO] ページ 1 のプロセスを読み込みました (プロセス数: 2)
