Session Started at 20260313_130717
[2026-03-13 13:07:18] [INFO] ページ 1 のプロセスを読み込みました (プロセス数: 2)
[2026-03-13 13:07:19] [INFO] アプリケーションを起動しました
[2026-03-13 13:07:19] [INFO] 設定ファイル: C:\work\iko_gui\config\json\config.json
[2026-03-13 13:07:19] [INFO] ページ数: 4
[2026-03-13 13:07:21] [INFO] 編集モードを有効にしました
[2026-03-13 13:07:21] [INFO] ページ 1 のプロセスを読み込みました (プロセス数: 2)
[2026-03-13 13:07:51] [INFO] ページ 2 のプロセスを読み込みました (プロセス数: 3)
[2026-03-13 13:07:53] [INFO] 編集モードを無効にしました
[2026-03-13 13:07:53] [INFO] ページ 2 のプロセスを読み込みました (プロセス数: 3)
[2026-03-13 13:07:54] [INFO] ページ 3 のプロセスを読み込みました (プロセス数: 3)
[2026-03-13 13:09:07] [INFO] 編集モードを有効にしました
[2026-03-13 13:09:07] [INFO] ページ 3 のプロセスを読み込みました (プロセス数: 3)
[2026-03-13 13:09:11] [INFO] ページパスを保存しました: C:\work\iko_gui\config\json\page3.json
[2026-03-13 13:09:11] [INFO] ログ格納先を設定しました: C:\work\iko_gui
[2026-03-13 13:09:11] [INFO] ページ 3 のプロセスを読み込みました (プロセス数: 3)
[2026-03-13 13:09:12] [INFO] ページ 4 のプロセスを読み込みました (プロセス数: 8)
[2026-03-13 13:09:16] [INFO] ページパスを保存しました: C:\work\iko_gui\config\json\page4.json
[2026-03-13 13:09:16] [INFO] ログ格納先を設定しました: C:\work\iko_gui\doc
[2026-03-13 13:09:16] [INFO] ページ 4 のプロセスを読み込みました (プロセス数: 8)
[2026-03-13 13:09:18] [INFO] ページ 3 のプロセスを読み込みました (プロセス数: 3)
[2026-03-13 13:09:20] [INFO] ページ 4 のプロセスを読み込みました (プロセス数: 8)
[2026-03-13 13:09:22] [INFO] 編集モードを無効にしました
[2026-03-13 13:09:22] [INFO] ページ 4 のプロセスを読み込みました (プロセス数: 8)
[2026-03-13 13:09:24] [INFO] ページ 3 のプロセスを読み込みました (プロセス数: 3)
[2026-03-13 13:09:25] [INFO] ページ 2 のプロセスを読み込みました (プロセス数: 3)
[2026-03-13 13:09:26] [INFO] ページ 1 のプロセスを読み込みました (プロセス数: 2)
[2026-03-13 13:09:27] [INFO] ページ 2 のプロセスを読み込みました (プロセス数: 3)
[2026-03-13 13:09:28] [INFO] ページ 3 のプロセスを読み込みました (プロセス数: 3)
[2026-03-13 13:09:29] [INFO] ページ 4 のプロセスを読み込みました (プロセス数: 8)
[2026-03-13 13:15:37] [INFO] ページ 3 のプロセスを読み込みました (プロセス数: 3)
[2026-03-13 13:15:37] [INFO] ページ 2 のプロセスを読み込みました (プロセス数: 3)
[2026-03-13 13:15:38] [INFO] ページ 1 のプロセスを読み込みました (プロセス数: 2)
[2026-03-13 13:15:39] [INFO] 編集モードを有効にしました
[2026-03-13 13:15:39] [INFO] ページ 1 のプロセスを読み込みました (プロセス数: 2)
[2026-03-13 13:15:39] [INFO] 編集モードを無効にしました
[2026-03-13 13:15:39] [INFO] ページ 1 のプロセスを読み込みました (プロセス数: 2)
[2026-03-13 13:24:56] [INFO] ページ 2 のプロセスを読み込みました (プロセス数: 3)
