Session Started at 20260310_093943
[2026-03-10 09:39:44] [INFO] ページ 1 のプロセスを読み込みました (プロセス数: 2)
[2026-03-10 09:39:44] [INFO] アプリケーションを起動しました
[2026-03-10 09:39:44] [INFO] 設定ファイル: C:\work\iko_gui\config\json\config.json
[2026-03-10 09:39:44] [INFO] ページ数: 4
[2026-03-10 09:39:46] [INFO] ページ 2 のプロセスを読み込みました (プロセス数: 3)
[2026-03-10 09:39:46] [INFO] ページ 3 のプロセスを読み込みました (プロセス数: 3)
[2026-03-10 09:39:47] [INFO] ページ 4 のプロセスを読み込みました (プロセス数: 8)
[2026-03-10 09:39:49] [INFO] ページ 3 のプロセスを読み込みました (プロセス数: 3)
[2026-03-10 09:39:51] [ERROR] [Page:3 Process:2] CSV名変換用バッチファイルが設定されていません
[2026-03-10 09:39:53] [ERROR] [Page:3 Process:3] CSV名変換用バッチファイルが設定されていません
[2026-03-10 09:39:56] [INFO] 編集モードを有効にしました
[2026-03-10 09:39:56] [INFO] ページ 3 のプロセスを読み込みました (プロセス数: 3)
[2026-03-10 09:39:57] [INFO] [Page:3 Process:1] プロセス有効状態を保存しました: True
[2026-03-10 09:39:57] [INFO] ページ 3 のプロセスを読み込みました (プロセス数: 3)
[2026-03-10 09:39:58] [INFO] 編集モードを無効にしました
[2026-03-10 09:39:58] [INFO] ページ 3 のプロセスを読み込みました (プロセス数: 3)
[2026-03-10 09:40:00] [INFO] [Page:3 Process:1] バッチファイル実行開始: バッチファイル (C:\work\SpringSample\gradlew.bat)
[2026-03-10 09:40:02] [INFO] [Page:3 Process:1] バッチファイル実行完了 (ウィンドウ切断: -1073741510)
[2026-03-10 09:40:03] [INFO] [Page:3 Process:1] コンポーネント実行状態を保存しました: CsvConvertButton_Executed = True
[2026-03-10 09:40:03] [INFO] ページ 3 のプロセスを読み込みました (プロセス数: 3)
[2026-03-10 09:40:05] [ERROR] [Page:3 Process:1] バッチファイルが見つかりません: C:\work\run.bat
[2026-03-10 09:40:06] [INFO] [Page:3 Process:1] コンポーネント実行状態を保存しました: ExecuteButton_Executed = True
[2026-03-10 09:40:06] [INFO] ページ 3 のプロセスを読み込みました (プロセス数: 3)
[2026-03-10 09:40:09] [ERROR] [Page:3 Process:2] CSV名変換用バッチファイルが設定されていません
[2026-03-10 09:40:11] [INFO] 編集モードを有効にしました
[2026-03-10 09:40:11] [INFO] ページ 3 のプロセスを読み込みました (プロセス数: 3)
[2026-03-10 09:40:15] [INFO] [Page:3 Process:2] バッチファイルパスを保存しました (Index: 1): iko_gui\run.bat
[2026-03-10 09:40:15] [INFO] [Page:3 Process:2] CSV名変換用バッチファイルを設定しました: C:\work\iko_gui\run.bat
[2026-03-10 09:40:16] [INFO] ページ 3 のプロセスを読み込みました (プロセス数: 3)
[2026-03-10 09:40:17] [INFO] 編集モードを無効にしました
[2026-03-10 09:40:17] [INFO] ページ 3 のプロセスを読み込みました (プロセス数: 3)
[2026-03-10 09:40:18] [INFO] [Page:3 Process:2] バッチファイル実行開始: バッチファイル (C:\work\iko_gui\run.bat)
[2026-03-10 09:40:21] [INFO] [Page:3 Process:2] バッチファイル実行完了 (ウィンドウ切断: -1073741510)
[2026-03-10 09:40:21] [INFO] [Page:3 Process:2] コンポーネント実行状態を保存しました: CsvConvertButton_Executed = True
[2026-03-10 09:40:21] [INFO] ページ 3 のプロセスを読み込みました (プロセス数: 3)
[2026-03-10 09:40:23] [INFO] 編集モードを有効にしました
[2026-03-10 09:40:23] [INFO] ページ 3 のプロセスを読み込みました (プロセス数: 3)
[2026-03-10 09:40:24] [INFO] 編集モードを無効にしました
[2026-03-10 09:40:24] [INFO] ページ 3 のプロセスを読み込みました (プロセス数: 3)
[2026-03-10 09:40:25] [ERROR] [Page:3 Process:2] バッチファイルが見つかりません: C:\work\sample.bat
[2026-03-10 09:40:26] [INFO] [Page:3 Process:2] コンポーネント実行状態を保存しました: ExecuteButton_Executed = True
[2026-03-10 09:40:26] [INFO] ページ 3 のプロセスを読み込みました (プロセス数: 3)
[2026-03-10 09:40:30] [INFO] 編集モードを有効にしました
[2026-03-10 09:40:30] [INFO] ページ 3 のプロセスを読み込みました (プロセス数: 3)
[2026-03-10 09:40:31] [INFO] [Page:3 Process:2] プロセス有効状態を保存しました: False
[2026-03-10 09:40:31] [INFO] ページ 3 のプロセスを読み込みました (プロセス数: 3)
[2026-03-10 09:40:32] [INFO] 編集モードを無効にしました
[2026-03-10 09:40:32] [INFO] ページ 3 のプロセスを読み込みました (プロセス数: 3)
[2026-03-10 09:40:33] [INFO] 編集モードを有効にしました
[2026-03-10 09:40:33] [INFO] ページ 3 のプロセスを読み込みました (プロセス数: 3)
[2026-03-10 09:40:34] [INFO] [Page:3 Process:2] プロセス有効状態を保存しました: True
[2026-03-10 09:40:34] [INFO] ページ 3 のプロセスを読み込みました (プロセス数: 3)
[2026-03-10 09:40:35] [INFO] 編集モードを無効にしました
[2026-03-10 09:40:35] [INFO] ページ 3 のプロセスを読み込みました (プロセス数: 3)
[2026-03-10 10:43:31] [INFO] ページ 4 のプロセスを読み込みました (プロセス数: 8)
