Session Started at 20260218_143220
[2026-02-18 14:32:21] [INFO] ページ 1 のプロセスを読み込みました (プロセス数: 3)
[2026-02-18 14:32:21] [INFO] アプリケーションを起動しました
[2026-02-18 14:32:21] [INFO] 設定ファイル: C:\work\iko_gui\config\json\config.json
[2026-02-18 14:32:21] [INFO] ページ数: 4
[2026-02-18 14:32:22] [INFO] 編集モードを有効にしました
[2026-02-18 14:32:22] [INFO] ページ 1 のプロセスを読み込みました (プロセス数: 3)
[2026-02-18 14:32:23] [INFO] ページ 2 のプロセスを読み込みました (プロセス数: 3)
[2026-02-18 14:32:24] [INFO] ページ 3 のプロセスを読み込みました (プロセス数: 3)
[2026-02-18 14:32:26] [INFO] ページ 2 のプロセスを読み込みました (プロセス数: 3)
[2026-02-18 14:32:28] [INFO] ページ 3 のプロセスを読み込みました (プロセス数: 3)
[2026-02-18 14:32:29] [INFO] ページ 4 のプロセスを読み込みました (プロセス数: 8)
[2026-02-18 14:32:33] [INFO] [Page:4 Process:4] プロセス有効状態を保存しました: False
[2026-02-18 14:32:33] [INFO] ページ 4 のプロセスを読み込みました (プロセス数: 8)
[2026-02-18 14:32:38] [INFO] 編集モードを無効にしました
[2026-02-18 14:32:38] [INFO] ページ 4 のプロセスを読み込みました (プロセス数: 8)
[2026-02-18 14:32:44] [INFO] 編集モードを有効にしました
[2026-02-18 14:32:44] [INFO] ページ 4 のプロセスを読み込みました (プロセス数: 8)
[2026-02-18 14:33:01] [INFO] 編集モードを無効にしました
[2026-02-18 14:33:01] [INFO] ページ 4 のプロセスを読み込みました (プロセス数: 8)
[2026-02-18 14:33:06] [ERROR] [Page:4 Process:5] 直接取込用バッチファイルが設定されていません
[2026-02-18 14:33:09] [ERROR] [Page:4 Process:5] 直接取込用バッチファイルが設定されていません
[2026-02-18 14:33:30] [INFO] ページ 3 のプロセスを読み込みました (プロセス数: 3)
[2026-02-18 14:33:30] [INFO] ページ 2 のプロセスを読み込みました (プロセス数: 3)
[2026-02-18 14:33:31] [INFO] ページ 1 のプロセスを読み込みました (プロセス数: 2)
[2026-02-18 14:33:32] [INFO] 編集モードを有効にしました
[2026-02-18 14:33:32] [INFO] ページ 1 のプロセスを読み込みました (プロセス数: 2)
[2026-02-18 14:33:35] [INFO] 編集モードを無効にしました
[2026-02-18 14:33:35] [INFO] ページ 1 のプロセスを読み込みました (プロセス数: 2)
[2026-02-18 14:33:36] [INFO] ページ 2 のプロセスを読み込みました (プロセス数: 3)
[2026-02-18 14:33:38] [INFO] 編集モードを有効にしました
[2026-02-18 14:33:38] [INFO] ページ 2 のプロセスを読み込みました (プロセス数: 3)
[2026-02-18 14:33:40] [INFO] [Page:2 Process:2] プロセス有効状態を保存しました: False
[2026-02-18 14:33:40] [INFO] ページ 2 のプロセスを読み込みました (プロセス数: 3)
[2026-02-18 14:33:41] [INFO] 編集モードを無効にしました
[2026-02-18 14:33:41] [INFO] ページ 2 のプロセスを読み込みました (プロセス数: 3)
[2026-02-18 14:33:43] [INFO] 編集モードを有効にしました
[2026-02-18 14:33:43] [INFO] ページ 2 のプロセスを読み込みました (プロセス数: 3)
[2026-02-18 14:34:25] [INFO] ページ 3 のプロセスを読み込みました (プロセス数: 3)
[2026-02-18 14:34:29] [INFO] 編集モードを無効にしました
[2026-02-18 14:34:29] [INFO] ページ 3 のプロセスを読み込みました (プロセス数: 3)
[2026-02-18 14:34:31] [INFO] ページ 2 のプロセスを読み込みました (プロセス数: 3)
[2026-02-18 14:34:33] [INFO] ページ 3 のプロセスを読み込みました (プロセス数: 3)
[2026-02-18 14:36:50] [INFO] ページ 2 のプロセスを読み込みました (プロセス数: 3)
[2026-02-18 14:36:50] [INFO] ページ 1 のプロセスを読み込みました (プロセス数: 2)
[2026-02-18 14:36:56] [INFO] ページ 2 のプロセスを読み込みました (プロセス数: 3)
[2026-02-18 14:37:00] [INFO] ページ 3 のプロセスを読み込みました (プロセス数: 3)
[2026-02-18 14:37:07] [INFO] ページ 4 のプロセスを読み込みました (プロセス数: 8)
[2026-02-18 14:37:19] [INFO] ページ 3 のプロセスを読み込みました (プロセス数: 3)
[2026-02-18 14:37:20] [INFO] ページ 4 のプロセスを読み込みました (プロセス数: 8)
[2026-02-18 14:37:52] [INFO] ページ 3 のプロセスを読み込みました (プロセス数: 3)
[2026-02-18 14:37:54] [INFO] ページ 2 のプロセスを読み込みました (プロセス数: 3)
[2026-02-18 14:37:54] [INFO] ページ 1 のプロセスを読み込みました (プロセス数: 2)
[2026-02-18 14:37:56] [INFO] ページ 2 のプロセスを読み込みました (プロセス数: 3)
[2026-02-18 14:37:56] [INFO] ページ 3 のプロセスを読み込みました (プロセス数: 3)
[2026-02-18 14:37:57] [INFO] ページ 4 のプロセスを読み込みました (プロセス数: 8)
