Session Started at 20260317_161132
[2026-03-17 16:11:33] [INFO] ページ 1 のプロセスを読み込みました (プロセス数: 2)
[2026-03-17 16:11:33] [INFO] アプリケーションを起動しました
[2026-03-17 16:11:33] [INFO] 設定ファイル: C:\work\iko_gui\config\json\config.json
[2026-03-17 16:11:33] [INFO] ページ数: 4
[2026-03-17 16:11:35] [INFO] ページ 2 のプロセスを読み込みました (プロセス数: 3)
[2026-03-17 16:11:35] [INFO] ページ 3 のプロセスを読み込みました (プロセス数: 3)
[2026-03-17 16:11:35] [INFO] ページ 4 のプロセスを読み込みました (プロセス数: 8)
[2026-03-17 16:11:42] [INFO] 編集モードを有効にしました
[2026-03-17 16:11:42] [INFO] ページ 4 のプロセスを読み込みました (プロセス数: 8)
[2026-03-17 16:11:47] [INFO] [Page:4 Process:1] バッチファイルパスを保存しました (Index: 0): iko_gui\run.bat
[2026-03-17 16:11:47] [INFO] ページ 4 のプロセスを読み込みました (プロセス数: 8)
[2026-03-17 16:11:48] [INFO] 編集モードを無効にしました
[2026-03-17 16:11:48] [INFO] ページ 4 のプロセスを読み込みました (プロセス数: 8)
[2026-03-17 16:11:49] [INFO] [Page:4 Process:1] バッチファイル実行開始: KDL取込(KDB) (C:\work\iko_gui\run.bat)
[2026-03-17 16:11:52] [INFO] [Page:4 Process:1] バッチファイル実行完了 (ウィンドウ切断: -1073741510)
[2026-03-17 16:11:52] [INFO] [Page:4 Process:1] コンポーネント実行状態を保存しました: KdlKdbButton_Executed = True
[2026-03-17 16:11:52] [INFO] ページ 4 のプロセスを読み込みました (プロセス数: 8)
[2026-03-17 16:11:56] [INFO] 編集モードを有効にしました
[2026-03-17 16:11:56] [INFO] ページ 4 のプロセスを読み込みました (プロセス数: 8)
[2026-03-17 16:11:58] [INFO] 編集モードを無効にしました
[2026-03-17 16:11:58] [INFO] ページ 4 のプロセスを読み込みました (プロセス数: 8)
[2026-03-17 16:11:59] [ERROR] [Page:4 Process:1] バッチファイルが見つかりません: C:\work\sample2.bat
[2026-03-17 16:12:00] [INFO] [Page:4 Process:1] コンポーネント実行状態を保存しました: KdlEbButton_Executed = True
[2026-03-17 16:12:01] [INFO] ページ 4 のプロセスを読み込みました (プロセス数: 8)
[2026-03-17 16:12:01] [INFO] [Page:4 Process:1] バッチファイル実行開始: KDL取込(KDB) (C:\work\iko_gui\run.bat)
[2026-03-17 16:12:04] [INFO] [Page:4 Process:1] バッチファイル実行完了 (ウィンドウ切断: -1073741510)
[2026-03-17 16:12:04] [INFO] [Page:4 Process:1] コンポーネント実行状態を保存しました: KdlKdbButton_Executed = True
[2026-03-17 16:12:04] [INFO] ページ 4 のプロセスを読み込みました (プロセス数: 8)
