Session Started at 20260310_114632
[2026-03-10 11:46:33] [INFO] ページ 1 のプロセスを読み込みました (プロセス数: 2)
[2026-03-10 11:46:33] [INFO] アプリケーションを起動しました
[2026-03-10 11:46:33] [INFO] 設定ファイル: C:\work\iko_gui\config\json\config.json
[2026-03-10 11:46:33] [INFO] ページ数: 4
[2026-03-10 11:46:37] [INFO] ページ 2 のプロセスを読み込みました (プロセス数: 3)
[2026-03-10 11:46:49] [INFO] ページ 3 のプロセスを読み込みました (プロセス数: 3)
[2026-03-10 11:46:50] [INFO] ページ 4 のプロセスを読み込みました (プロセス数: 8)
[2026-03-10 11:46:54] [INFO] 編集モードを有効にしました
[2026-03-10 11:46:54] [INFO] ページ 4 のプロセスを読み込みました (プロセス数: 8)
[2026-03-10 11:46:57] [ERROR] ログ格納先は共通パス（C:\work\fizz-buzz）配下に配置する必要があります: C:\PerfLogs
[2026-03-10 11:47:10] [ERROR] ログ格納先は共通パス（C:\work\fizz-buzz）配下に配置する必要があります: C:\work\SpringSample\src
[2026-03-10 11:47:19] [INFO] ページパスを保存しました: C:\work\iko_gui\config\json\page4.json
[2026-03-10 11:47:19] [INFO] ログ格納先を設定しました: C:\work\fizz-buzz\coverage
[2026-03-10 11:47:19] [INFO] ページ 4 のプロセスを読み込みました (プロセス数: 8)
[2026-03-10 11:47:22] [INFO] 編集モードを無効にしました
[2026-03-10 11:47:22] [INFO] ページ 4 のプロセスを読み込みました (プロセス数: 8)
[2026-03-10 11:47:24] [INFO] 編集モードを有効にしました
[2026-03-10 11:47:24] [INFO] ページ 4 のプロセスを読み込みました (プロセス数: 8)
[2026-03-10 11:47:29] [INFO] ページ 4 のプロセスを読み込みました (プロセス数: 8)
