Session Started at 20260210_144051
[2026-02-10 14:40:52] [INFO] ページ 1 のプロセスを読み込みました (プロセス数: 2)
[2026-02-10 14:40:52] [INFO] アプリケーションを起動しました
[2026-02-10 14:40:52] [INFO] 設定ファイル: C:\work\iko_gui\config\json\config.json
[2026-02-10 14:40:52] [INFO] ページ数: 4
[2026-02-10 14:41:02] [INFO] 編集モードを有効にしました
[2026-02-10 14:41:02] [INFO] ページ 1 のプロセスを読み込みました (プロセス数: 2)
[2026-02-10 14:41:03] [INFO] 編集モードを無効にしました
[2026-02-10 14:41:03] [INFO] ページ 1 のプロセスを読み込みました (プロセス数: 2)
[2026-02-10 14:41:04] [INFO] 編集モードを有効にしました
[2026-02-10 14:41:04] [INFO] ページ 1 のプロセスを読み込みました (プロセス数: 2)
[2026-02-10 14:41:17] [ERROR] [Page:1 Process:1] バッチファイルは共通パス（C:\work\fizz-buzz）配下に配置する必要があります: C:\work\SpringSample\gradlew.bat
[2026-02-10 14:41:31] [ERROR] [Page:1 Process:1] バッチファイルは共通パス（C:\work\fizz-buzz）配下に配置する必要があります: C:\work\iko_gui\upload\log_upload.bat
[2026-02-10 14:41:42] [INFO] ページ 1 のプロセスを読み込みました (プロセス数: 2)
[2026-02-10 14:41:45] [INFO] 編集モードを無効にしました
[2026-02-10 14:41:45] [INFO] ページ 1 のプロセスを読み込みました (プロセス数: 2)
[2026-02-10 14:41:46] [INFO] 編集モードを有効にしました
[2026-02-10 14:41:46] [INFO] ページ 1 のプロセスを読み込みました (プロセス数: 2)
[2026-02-10 14:41:52] [INFO] [Page:1 Process:1] バッチファイルパスを保存しました (Index: 1): upload\log_upload.bat
[2026-02-10 14:41:52] [INFO] [Page:1 Process:1] 実行用バッチファイルを設定しました: C:\work\iko_gui\upload\log_upload.bat
[2026-02-10 14:41:53] [INFO] ページ 1 のプロセスを読み込みました (プロセス数: 2)
[2026-02-10 14:41:54] [INFO] 編集モードを無効にしました
[2026-02-10 14:41:54] [INFO] ページ 1 のプロセスを読み込みました (プロセス数: 2)
[2026-02-10 14:41:55] [INFO] [Page:1 Process:1] バッチファイル実行開始: 実行用バッチ (C:\work\iko_gui\upload\log_upload.bat)
[2026-02-10 14:42:02] [ERROR] [Page:1 Process:1] バッチファイル実行エラー (ExitCode: 1)
