Session Started at 20260210_115326
[2026-02-10 11:53:26] [INFO] ページ 1 のプロセスを読み込みました (プロセス数: 2)
[2026-02-10 11:53:27] [INFO] アプリケーションを起動しました
[2026-02-10 11:53:27] [INFO] 設定ファイル: C:\work\iko_gui\config\json\config.json
[2026-02-10 11:53:27] [INFO] ページ数: 4
[2026-02-10 11:53:30] [INFO] 編集モードを有効にしました
[2026-02-10 11:53:30] [INFO] ページ 1 のプロセスを読み込みました (プロセス数: 2)
[2026-02-10 11:53:33] [INFO] 編集モードを無効にしました
[2026-02-10 11:53:33] [INFO] ページ 1 のプロセスを読み込みました (プロセス数: 2)
[2026-02-10 11:53:34] [INFO] 編集モードを有効にしました
[2026-02-10 11:53:34] [INFO] ページ 1 のプロセスを読み込みました (プロセス数: 2)
[2026-02-10 11:53:37] [INFO] ページパスを保存しました: C:\work\iko_gui\config\json\page1.json
[2026-02-10 11:53:37] [INFO] ログ格納先を設定しました: C:\work\test\fizz-buzz
[2026-02-10 11:53:41] [INFO] ページパスを保存しました: C:\work\iko_gui\config\json\page1.json
[2026-02-10 11:53:41] [INFO] ログ格納先2を設定しました: C:\work\iko_gui\logs\eb
[2026-02-10 11:53:42] [INFO] 編集モードを無効にしました
[2026-02-10 11:53:42] [INFO] ページ 1 のプロセスを読み込みました (プロセス数: 2)
[2026-02-10 11:53:43] [INFO] 編集モードを有効にしました
[2026-02-10 11:53:43] [INFO] ページ 1 のプロセスを読み込みました (プロセス数: 2)
[2026-02-10 11:53:46] [INFO] 編集モードを無効にしました
[2026-02-10 11:53:46] [INFO] ページ 1 のプロセスを読み込みました (プロセス数: 2)
