Session Started at 20260219_163030
[2026-02-19 16:30:31] [INFO] ページ 1 のプロセスを読み込みました (プロセス数: 2)
[2026-02-19 16:30:31] [INFO] アプリケーションを起動しました
[2026-02-19 16:30:31] [INFO] 設定ファイル: C:\work\iko_gui\config\json\config.json
[2026-02-19 16:30:31] [INFO] ページ数: 4
[2026-02-19 16:30:32] [INFO] ページ 2 のプロセスを読み込みました (プロセス数: 3)
[2026-02-19 16:30:32] [INFO] ページ 3 のプロセスを読み込みました (プロセス数: 3)
[2026-02-19 16:30:33] [INFO] ページ 4 のプロセスを読み込みました (プロセス数: 8)
[2026-02-19 16:30:39] [INFO] 編集モードを有効にしました
[2026-02-19 16:30:39] [INFO] ページ 4 のプロセスを読み込みました (プロセス数: 8)
[2026-02-19 16:30:43] [INFO] 編集モードを無効にしました
[2026-02-19 16:30:43] [INFO] ページ 4 のプロセスを読み込みました (プロセス数: 8)
[2026-02-19 16:30:44] [ERROR] ログ格納用バッチファイルが設定されていません
[2026-02-19 16:30:46] [INFO] 編集モードを有効にしました
[2026-02-19 16:30:46] [INFO] ページ 4 のプロセスを読み込みました (プロセス数: 8)
[2026-02-19 16:30:52] [INFO] ページ 4 のプロセスを読み込みました (プロセス数: 8)
[2026-02-19 16:30:59] [INFO] Path Check - Base: 'C:\work', Target: 'C:\work\SpringSample\gradlew.bat'
[2026-02-19 16:30:59] [INFO] ログ格納用バッチファイルパスを保存しました: SpringSample\gradlew.bat
[2026-02-19 16:30:59] [INFO] ログ格納用バッチファイルを設定しました: C:\work\SpringSample\gradlew.bat
[2026-02-19 16:31:00] [INFO] ページ 4 のプロセスを読み込みました (プロセス数: 8)
[2026-02-19 16:31:01] [INFO] 編集モードを無効にしました
[2026-02-19 16:31:01] [INFO] ページ 4 のプロセスを読み込みました (プロセス数: 8)
[2026-02-19 16:31:02] [ERROR] バッチファイルが見つかりません: C:\work\iko_gui\SpringSample\gradlew.bat
[2026-02-19 16:31:06] [INFO] ログ格納処理が正常に完了しました
