Session Started at 20260212_100549
[2026-02-12 10:05:50] [INFO] ページ 1 のプロセスを読み込みました (プロセス数: 2)
[2026-02-12 10:05:50] [INFO] アプリケーションを起動しました
[2026-02-12 10:05:50] [INFO] 設定ファイル: C:\work\iko_gui\config\json\config.json
[2026-02-12 10:05:50] [INFO] ページ数: 4
[2026-02-12 10:05:52] [INFO] ページ 2 のプロセスを読み込みました (プロセス数: 3)
[2026-02-12 10:05:52] [INFO] ページ 3 のプロセスを読み込みました (プロセス数: 3)
[2026-02-12 10:05:53] [INFO] ページ 4 のプロセスを読み込みました (プロセス数: 3)
[2026-02-12 10:06:05] [INFO] [Page:4 Process:1] ログ出力フォルダを開きました: C:\work\iko_gui\logs
[2026-02-12 10:06:09] [ERROR] [Page:4 Process:1] バッチファイルが見つかりません: C:\work\iko_gui\sample2.bat
[2026-02-12 10:06:13] [ERROR] [Page:4 Process:1] バッチファイルパスが空です
[2026-02-12 10:06:16] [ERROR] [Page:4 Process:1] バッチファイルパスが空です
[2026-02-12 10:06:18] [INFO] 編集モードを有効にしました
[2026-02-12 10:06:18] [INFO] ページ 4 のプロセスを読み込みました (プロセス数: 3)
[2026-02-12 10:06:19] [ERROR] [Page:4 Process:1] バッチファイルパスが空です
[2026-02-12 10:06:23] [ERROR] [Page:4 Process:1] バッチファイルパスが空です
[2026-02-12 10:06:24] [ERROR] [Page:4 Process:1] バッチファイルパスが空です
[2026-02-12 10:06:25] [INFO] 編集モードを無効にしました
[2026-02-12 10:06:25] [INFO] ページ 4 のプロセスを読み込みました (プロセス数: 3)
[2026-02-12 10:06:27] [INFO] 編集モードを有効にしました
[2026-02-12 10:06:27] [INFO] ページ 4 のプロセスを読み込みました (プロセス数: 3)
[2026-02-12 10:06:30] [ERROR] [Page:4 Process:1] バッチファイルパスが空です
[2026-02-12 10:06:31] [ERROR] [Page:4 Process:1] バッチファイルパスが空です
[2026-02-12 10:06:34] [ERROR] [Page:4 Process:1] バッチファイルパスが空です
[2026-02-12 10:07:12] [INFO] 編集モードを無効にしました
[2026-02-12 10:07:12] [INFO] ページ 4 のプロセスを読み込みました (プロセス数: 3)
[2026-02-12 10:07:14] [INFO] 編集モードを有効にしました
[2026-02-12 10:07:14] [INFO] ページ 4 のプロセスを読み込みました (プロセス数: 3)
[2026-02-12 10:07:15] [ERROR] [Page:4 Process:1] バッチファイルパスが空です
[2026-02-12 10:07:17] [INFO] 編集モードを無効にしました
[2026-02-12 10:07:17] [INFO] ページ 4 のプロセスを読み込みました (プロセス数: 3)
[2026-02-12 10:07:18] [ERROR] [Page:4 Process:1] バッチファイルパスが空です
[2026-02-12 10:07:46] [INFO] 編集モードを有効にしました
[2026-02-12 10:07:46] [INFO] ページ 4 のプロセスを読み込みました (プロセス数: 3)
[2026-02-12 10:07:47] [ERROR] [Page:4 Process:1] バッチファイルパスが空です
