Session Started at 20260304_194731
[2026-03-04 19:47:32] [INFO] ページ 1 のプロセスを読み込みました (プロセス数: 2)
[2026-03-04 19:47:32] [INFO] アプリケーションを起動しました
[2026-03-04 19:47:32] [INFO] 設定ファイル: C:\work\iko_gui\config\json\config.json
[2026-03-04 19:47:32] [INFO] ページ数: 4
[2026-03-04 19:47:34] [INFO] ページ 2 のプロセスを読み込みました (プロセス数: 3)
[2026-03-04 19:47:35] [INFO] ページ 3 のプロセスを読み込みました (プロセス数: 3)
[2026-03-04 19:47:36] [INFO] 編集モードを有効にしました
[2026-03-04 19:47:36] [INFO] ページ 3 のプロセスを読み込みました (プロセス数: 3)
[2026-03-04 19:47:39] [INFO] 編集モードを無効にしました
[2026-03-04 19:47:39] [INFO] ページ 3 のプロセスを読み込みました (プロセス数: 3)
[2026-03-04 19:47:40] [INFO] 編集モードを有効にしました
[2026-03-04 19:47:40] [INFO] ページ 3 のプロセスを読み込みました (プロセス数: 3)
[2026-03-04 19:48:09] [INFO] [Page:3 Process:1] プロセス有効状態を保存しました: False
[2026-03-04 19:48:09] [INFO] ページ 3 のプロセスを読み込みました (プロセス数: 3)
[2026-03-04 19:48:10] [INFO] 編集モードを無効にしました
[2026-03-04 19:48:10] [INFO] ページ 3 のプロセスを読み込みました (プロセス数: 3)
[2026-03-04 19:48:12] [INFO] 編集モードを有効にしました
[2026-03-04 19:48:12] [INFO] ページ 3 のプロセスを読み込みました (プロセス数: 3)
[2026-03-04 19:48:13] [INFO] [Page:3 Process:2] プロセス有効状態を保存しました: False
[2026-03-04 19:48:13] [INFO] ページ 3 のプロセスを読み込みました (プロセス数: 3)
[2026-03-04 19:48:14] [INFO] 編集モードを無効にしました
[2026-03-04 19:48:14] [INFO] ページ 3 のプロセスを読み込みました (プロセス数: 3)
[2026-03-04 19:48:15] [INFO] 編集モードを有効にしました
[2026-03-04 19:48:15] [INFO] ページ 3 のプロセスを読み込みました (プロセス数: 3)
[2026-03-04 19:48:17] [INFO] [Page:3 Process:3] プロセス有効状態を保存しました: False
[2026-03-04 19:48:17] [INFO] ページ 3 のプロセスを読み込みました (プロセス数: 3)
[2026-03-04 19:48:17] [INFO] 編集モードを無効にしました
[2026-03-04 19:48:17] [INFO] ページ 3 のプロセスを読み込みました (プロセス数: 3)
[2026-03-04 19:48:40] [INFO] ページ 2 のプロセスを読み込みました (プロセス数: 3)
[2026-03-04 19:48:40] [INFO] ページ 1 のプロセスを読み込みました (プロセス数: 2)
[2026-03-04 19:48:41] [INFO] ページ 2 のプロセスを読み込みました (プロセス数: 3)
[2026-03-04 19:48:42] [INFO] ページ 3 のプロセスを読み込みました (プロセス数: 3)
[2026-03-04 19:48:42] [INFO] ページ 4 のプロセスを読み込みました (プロセス数: 8)
[2026-03-04 19:48:45] [INFO] 編集モードを有効にしました
[2026-03-04 19:48:45] [INFO] ページ 4 のプロセスを読み込みました (プロセス数: 8)
[2026-03-04 19:48:48] [INFO] ページ 3 のプロセスを読み込みました (プロセス数: 3)
[2026-03-04 19:48:50] [INFO] 編集モードを無効にしました
[2026-03-04 19:48:50] [INFO] ページ 3 のプロセスを読み込みました (プロセス数: 3)
[2026-03-04 19:49:34] [INFO] ページ 2 のプロセスを読み込みました (プロセス数: 3)
