Session Started at 20260220_112331
[2026-02-20 11:23:32] [INFO] ページ 1 のプロセスを読み込みました (プロセス数: 2)
[2026-02-20 11:23:33] [INFO] アプリケーションを起動しました
[2026-02-20 11:23:33] [INFO] 設定ファイル: C:\work\iko_gui\config\json\config.json
[2026-02-20 11:23:33] [INFO] ページ数: 4
[2026-02-20 11:23:35] [INFO] ページ 2 のプロセスを読み込みました (プロセス数: 3)
[2026-02-20 11:23:35] [INFO] ページ 3 のプロセスを読み込みました (プロセス数: 3)
[2026-02-20 11:23:35] [INFO] ページ 4 のプロセスを読み込みました (プロセス数: 8)
[2026-02-20 11:23:39] [INFO] 編集モードを有効にしました
[2026-02-20 11:23:39] [INFO] ページ 4 のプロセスを読み込みました (プロセス数: 8)
[2026-02-20 11:23:54] [INFO] 編集モードを無効にしました
[2026-02-20 11:23:54] [INFO] ページ 4 のプロセスを読み込みました (プロセス数: 8)
[2026-02-20 11:23:56] [INFO] 編集モードを有効にしました
[2026-02-20 11:23:56] [INFO] ページ 4 のプロセスを読み込みました (プロセス数: 8)
[2026-02-20 11:24:46] [INFO] 編集モードを無効にしました
[2026-02-20 11:24:46] [INFO] ページ 4 のプロセスを読み込みました (プロセス数: 8)
[2026-02-20 11:24:47] [WARN] パスが存在しません: C:\work\fizz-buzz\summary
[2026-02-20 13:38:53] [INFO] ページ 3 のプロセスを読み込みました (プロセス数: 3)
[2026-02-20 13:38:54] [INFO] ページ 2 のプロセスを読み込みました (プロセス数: 3)
[2026-02-20 13:38:57] [INFO] ページ 3 のプロセスを読み込みました (プロセス数: 3)
[2026-02-20 13:39:07] [INFO] 編集モードを有効にしました
[2026-02-20 13:39:07] [INFO] ページ 3 のプロセスを読み込みました (プロセス数: 3)
[2026-02-20 13:39:19] [INFO] ページパスを保存しました: C:\work\iko_gui\config\json\page3.json
[2026-02-20 13:39:19] [ERROR] ページJSONファイルの保存に失敗しました: "LogStoragePath" の設定中に例外が発生しました: "このオブジェクトにプロパティ 'LogStoragePath' が見つかりません。プロパティが存在し、設定可能であることを確認してください。"
[2026-02-20 13:39:19] [INFO] ログ格納先を設定しました: C:\work\keycloak-quickstarts
[2026-02-20 13:39:19] [INFO] ページ 3 のプロセスを読み込みました (プロセス数: 3)
[2026-02-20 13:39:21] [INFO] 編集モードを無効にしました
[2026-02-20 13:39:21] [INFO] ページ 3 のプロセスを読み込みました (プロセス数: 3)
[2026-02-20 13:39:22] [INFO] 編集モードを有効にしました
[2026-02-20 13:39:22] [INFO] ページ 3 のプロセスを読み込みました (プロセス数: 3)
[2026-02-20 13:39:28] [INFO] ページ 4 のプロセスを読み込みました (プロセス数: 8)
[2026-02-20 13:39:29] [INFO] ページ 3 のプロセスを読み込みました (プロセス数: 3)
[2026-02-20 13:39:38] [INFO] ページパスを保存しました: C:\work\iko_gui\config\json\page3.json
[2026-02-20 13:39:38] [ERROR] ページJSONファイルの保存に失敗しました: "LogStoragePath2" の設定中に例外が発生しました: "このオブジェクトにプロパティ 'LogStoragePath2' が見つかりません。プロパティが存在し、設定可能であることを確認してください。"
[2026-02-20 13:39:38] [INFO] ログ格納先2を設定しました: C:\work\iko_gui
[2026-02-20 13:39:38] [INFO] ページ 3 のプロセスを読み込みました (プロセス数: 3)
[2026-02-20 13:39:42] [INFO] 編集モードを無効にしました
[2026-02-20 13:39:42] [INFO] ページ 3 のプロセスを読み込みました (プロセス数: 3)
