Session Started at 20260220_154936
[2026-02-20 15:49:37] [INFO] ページ 1 のプロセスを読み込みました (プロセス数: 2)
[2026-02-20 15:49:37] [INFO] アプリケーションを起動しました
[2026-02-20 15:49:37] [INFO] 設定ファイル: C:\work\iko_gui\config\json\config.json
[2026-02-20 15:49:37] [INFO] ページ数: 4
[2026-02-20 15:49:39] [INFO] 編集モードを有効にしました
[2026-02-20 15:49:39] [INFO] ページ 1 のプロセスを読み込みました (プロセス数: 2)
[2026-02-20 15:49:40] [INFO] ページ 2 のプロセスを読み込みました (プロセス数: 3)
[2026-02-20 15:49:42] [INFO] ページ 3 のプロセスを読み込みました (プロセス数: 3)
[2026-02-20 15:49:47] [INFO] ページパスを保存しました: C:\work\iko_gui\config\json\page3.json
[2026-02-20 15:49:47] [ERROR] ページJSONファイルの保存に失敗しました: "LogStoragePath2" の設定中に例外が発生しました: "このオブジェクトにプロパティ 'LogStoragePath2' が見つかりません。プロパティが存在し、設定可能であることを確認してください。"
[2026-02-20 15:49:47] [INFO] ログ格納先2を設定しました: C:\work\iko_gui\upload
[2026-02-20 15:49:47] [INFO] ページ 3 のプロセスを読み込みました (プロセス数: 3)
[2026-02-20 15:50:04] [INFO] ページ 2 のプロセスを読み込みました (プロセス数: 3)
[2026-02-20 15:50:04] [INFO] ページ 1 のプロセスを読み込みました (プロセス数: 2)
[2026-02-20 15:50:05] [INFO] ページ 2 のプロセスを読み込みました (プロセス数: 3)
[2026-02-20 15:50:15] [INFO] ページパスを保存しました: C:\work\iko_gui\config\json\page2.json
[2026-02-20 15:50:15] [ERROR] ページJSONファイルの保存に失敗しました: "LogStoragePath2" の設定中に例外が発生しました: "このオブジェクトにプロパティ 'LogStoragePath2' が見つかりません。プロパティが存在し、設定可能であることを確認してください。"
[2026-02-20 15:50:15] [INFO] ログ格納先2を設定しました: C:\GnuWin32\man
[2026-02-20 15:50:15] [INFO] ページ 2 のプロセスを読み込みました (プロセス数: 3)
[2026-02-20 15:50:26] [INFO] ページパスを保存しました: C:\work\iko_gui\config\json\page2.json
[2026-02-20 15:50:26] [ERROR] ページJSONファイルの保存に失敗しました: "LogStoragePath" の設定中に例外が発生しました: "このオブジェクトにプロパティ 'LogStoragePath' が見つかりません。プロパティが存在し、設定可能であることを確認してください。"
[2026-02-20 15:50:26] [INFO] ログ格納先を設定しました: C:\work\fizz-buzz@
[2026-02-20 15:50:26] [INFO] ページ 2 のプロセスを読み込みました (プロセス数: 3)
[2026-02-20 15:50:48] [INFO] ページパスを保存しました: C:\work\iko_gui\config\json\page2.json
[2026-02-20 15:50:48] [ERROR] ページJSONファイルの保存に失敗しました: "LogStoragePath" の設定中に例外が発生しました: "このオブジェクトにプロパティ 'LogStoragePath' が見つかりません。プロパティが存在し、設定可能であることを確認してください。"
[2026-02-20 15:50:48] [INFO] ログ格納先を設定しました: C:\work\fizz-buzz\coverage
[2026-02-20 15:50:48] [INFO] ページ 2 のプロセスを読み込みました (プロセス数: 3)
[2026-02-20 15:50:58] [INFO] 編集モードを無効にしました
[2026-02-20 15:50:58] [INFO] ページ 2 のプロセスを読み込みました (プロセス数: 3)
[2026-02-20 15:51:16] [INFO] 編集モードを有効にしました
[2026-02-20 15:51:16] [INFO] ページ 2 のプロセスを読み込みました (プロセス数: 3)
[2026-02-20 15:51:21] [INFO] ページパスを保存しました: C:\work\iko_gui\config\json\page2.json
[2026-02-20 15:51:21] [ERROR] ページJSONファイルの保存に失敗しました: "LogStoragePath" の設定中に例外が発生しました: "このオブジェクトにプロパティ 'LogStoragePath' が見つかりません。プロパティが存在し、設定可能であることを確認してください。"
[2026-02-20 15:51:21] [INFO] ログ格納先を設定しました: C:\work\fizz-buzz\node_modules
[2026-02-20 15:51:21] [INFO] ページ 2 のプロセスを読み込みました (プロセス数: 3)
[2026-02-20 17:28:23] [INFO] 編集モードを無効にしました
[2026-02-20 17:28:23] [INFO] ページ 2 のプロセスを読み込みました (プロセス数: 3)
[2026-02-20 17:28:24] [INFO] ページ 1 のプロセスを読み込みました (プロセス数: 2)
[2026-02-20 17:28:31] [INFO] ページ 2 のプロセスを読み込みました (プロセス数: 3)
[2026-02-20 17:28:31] [INFO] ページ 3 のプロセスを読み込みました (プロセス数: 3)
[2026-02-20 17:28:31] [INFO] ページ 4 のプロセスを読み込みました (プロセス数: 8)
[2026-02-20 17:28:32] [INFO] 編集モードを有効にしました
[2026-02-20 17:28:32] [INFO] ページ 4 のプロセスを読み込みました (プロセス数: 8)
[2026-02-20 17:29:10] [INFO] [Page:4 Process:2] ログ出力フォルダパス(LogOutputDir2)を保存しました: coverage
[2026-02-20 17:29:10] [INFO] [Page:4 Process:2] ログ出力フォルダを設定しました: coverage (共通パスからの相対)
[2026-02-20 17:29:14] [INFO] [Page:4 Process:2] ログ出力フォルダパス(LogOutputDir)を保存しました: .
[2026-02-20 17:29:14] [INFO] [Page:4 Process:2] ログ出力フォルダを設定しました: . (共通パスからの相対)
[2026-02-20 17:29:20] [INFO] [Page:4 Process:3] ログ出力フォルダパス(LogOutputDir)を保存しました: node_modules
[2026-02-20 17:29:20] [INFO] [Page:4 Process:3] ログ出力フォルダを設定しました: node_modules (共通パスからの相対)
[2026-02-20 17:29:25] [INFO] [Page:4 Process:1] ログ出力フォルダパス(LogOutputDir)を保存しました: .nyc_output
[2026-02-20 17:29:25] [INFO] [Page:4 Process:1] ログ出力フォルダを設定しました: .nyc_output (共通パスからの相対)
[2026-02-20 17:29:27] [INFO] 編集モードを無効にしました
[2026-02-20 17:29:27] [INFO] ページ 4 のプロセスを読み込みました (プロセス数: 8)
[2026-02-20 17:29:30] [INFO] [Page:4 Process:3] ログ出力フォルダを開きました: C:\work\fizz-buzz\node_modules
[2026-02-20 17:29:33] [INFO] [Page:4 Process:1] ログ出力フォルダを開きました: C:\work\fizz-buzz\.nyc_output
[2026-02-20 17:29:37] [INFO] [Page:4 Process:2] ログ出力フォルダを開きました: C:\work\fizz-buzz\coverage
[2026-02-20 17:29:40] [INFO] [Page:4 Process:2] ログ出力フォルダを開きました: C:\work\fizz-buzz\.
