Session Started at 20260220_154812
[2026-02-20 15:48:14] [INFO] ページ 1 のプロセスを読み込みました (プロセス数: 2)
[2026-02-20 15:48:14] [INFO] アプリケーションを起動しました
[2026-02-20 15:48:14] [INFO] 設定ファイル: C:\work\iko_gui\config\json\config.json
[2026-02-20 15:48:14] [INFO] ページ数: 4
[2026-02-20 15:48:15] [INFO] ページ 2 のプロセスを読み込みました (プロセス数: 3)
[2026-02-20 15:48:16] [INFO] ページ 3 のプロセスを読み込みました (プロセス数: 3)
[2026-02-20 15:48:16] [INFO] ページ 4 のプロセスを読み込みました (プロセス数: 8)
[2026-02-20 15:48:24] [ERROR] [Page:4 Process:1] バッチファイルが見つかりません: C:\work\fizz-buzz\sample2.bat
[2026-02-20 15:48:26] [INFO] [Page:4 Process:1] プロセス有効状態を保存しました: False
[2026-02-20 15:48:26] [INFO] ページ 4 のプロセスを読み込みました (プロセス数: 8)
[2026-02-20 15:48:36] [INFO] 編集モードを有効にしました
[2026-02-20 15:48:36] [INFO] ページ 4 のプロセスを読み込みました (プロセス数: 8)
[2026-02-20 15:48:43] [INFO] ページパスを保存しました: C:\work\iko_gui\config\json\page4.json
[2026-02-20 15:48:43] [ERROR] ページJSONファイルの保存に失敗しました: "LogStoragePath2" の設定中に例外が発生しました: "このオブジェクトにプロパティ 'LogStoragePath2' が見つかりません。プロパティが存在し、設定可能であることを確認してください。"
[2026-02-20 15:48:43] [INFO] ログ格納先2を設定しました: C:\work\iko_gui\logs
[2026-02-20 15:48:43] [INFO] ページ 4 のプロセスを読み込みました (プロセス数: 8)
[2026-02-20 15:48:48] [INFO] ページパスを保存しました: C:\work\iko_gui\config\json\page4.json
[2026-02-20 15:48:48] [ERROR] ページJSONファイルの保存に失敗しました: "LogStoragePath" の設定中に例外が発生しました: "このオブジェクトにプロパティ 'LogStoragePath' が見つかりません。プロパティが存在し、設定可能であることを確認してください。"
[2026-02-20 15:48:48] [INFO] ログ格納先を設定しました: C:\work\SpringSample
[2026-02-20 15:48:48] [INFO] ページ 4 のプロセスを読み込みました (プロセス数: 8)
