Session Started at 20260304_182300
[2026-03-04 18:23:01] [INFO] ページ 1 のプロセスを読み込みました (プロセス数: 2)
[2026-03-04 18:23:01] [INFO] アプリケーションを起動しました
[2026-03-04 18:23:01] [INFO] 設定ファイル: C:\work\iko_gui\config\json\config.json
[2026-03-04 18:23:01] [INFO] ページ数: 4
[2026-03-04 18:23:04] [INFO] ページ 2 のプロセスを読み込みました (プロセス数: 3)
[2026-03-04 18:23:05] [INFO] ページ 3 のプロセスを読み込みました (プロセス数: 3)
[2026-03-04 18:23:07] [INFO] ページ 4 のプロセスを読み込みました (プロセス数: 8)
[2026-03-04 18:23:22] [INFO] ページ 3 のプロセスを読み込みました (プロセス数: 3)
[2026-03-04 18:23:23] [INFO] ページ 2 のプロセスを読み込みました (プロセス数: 3)
[2026-03-04 18:23:24] [INFO] ページ 1 のプロセスを読み込みました (プロセス数: 2)
[2026-03-04 18:23:25] [INFO] ページ 2 のプロセスを読み込みました (プロセス数: 3)
[2026-03-04 18:23:25] [INFO] ページ 3 のプロセスを読み込みました (プロセス数: 3)
[2026-03-04 18:23:26] [INFO] ページ 4 のプロセスを読み込みました (プロセス数: 8)
[2026-03-04 18:23:28] [INFO] ページ 3 のプロセスを読み込みました (プロセス数: 3)
[2026-03-04 18:23:28] [INFO] ページ 2 のプロセスを読み込みました (プロセス数: 3)
[2026-03-04 18:23:29] [INFO] ページ 1 のプロセスを読み込みました (プロセス数: 2)
[2026-03-04 18:23:39] [INFO] ページ 2 のプロセスを読み込みました (プロセス数: 3)
[2026-03-04 18:23:42] [ERROR] ログ集約用バッチファイルが設定されていません
[2026-03-04 18:23:44] [INFO] ページ 1 のプロセスを読み込みました (プロセス数: 2)
[2026-03-04 18:23:45] [INFO] 編集モードを有効にしました
[2026-03-04 18:23:45] [INFO] ページ 1 のプロセスを読み込みました (プロセス数: 2)
[2026-03-04 18:23:46] [INFO] 編集モードを無効にしました
[2026-03-04 18:23:46] [INFO] ページ 1 のプロセスを読み込みました (プロセス数: 2)
