Session Started at 20260305_160957
[2026-03-05 16:09:58] [INFO] ページ 1 のプロセスを読み込みました (プロセス数: 2)
[2026-03-05 16:09:58] [INFO] アプリケーションを起動しました
[2026-03-05 16:09:58] [INFO] 設定ファイル: C:\work\iko_gui\config\json\config.json
[2026-03-05 16:09:58] [INFO] ページ数: 4
[2026-03-05 16:10:00] [INFO] ページ 2 のプロセスを読み込みました (プロセス数: 3)
[2026-03-05 16:10:00] [INFO] ページ 3 のプロセスを読み込みました (プロセス数: 3)
[2026-03-05 16:10:00] [INFO] ページ 4 のプロセスを読み込みました (プロセス数: 8)
[2026-03-05 16:10:06] [INFO] ページ 3 のプロセスを読み込みました (プロセス数: 3)
[2026-03-05 16:10:07] [INFO] 編集モードを有効にしました
[2026-03-05 16:10:07] [INFO] ページ 3 のプロセスを読み込みました (プロセス数: 3)
[2026-03-05 16:10:08] [INFO] [Page:3 Process:1] プロセス有効状態を保存しました: True
[2026-03-05 16:10:08] [INFO] ページ 3 のプロセスを読み込みました (プロセス数: 3)
[2026-03-05 16:10:09] [INFO] [Page:3 Process:2] プロセス有効状態を保存しました: True
[2026-03-05 16:10:09] [INFO] ページ 3 のプロセスを読み込みました (プロセス数: 3)
[2026-03-05 16:10:09] [INFO] [Page:3 Process:3] プロセス有効状態を保存しました: True
[2026-03-05 16:10:09] [INFO] ページ 3 のプロセスを読み込みました (プロセス数: 3)
[2026-03-05 16:10:10] [INFO] 編集モードを無効にしました
[2026-03-05 16:10:10] [INFO] ページ 3 のプロセスを読み込みました (プロセス数: 3)
[2026-03-05 16:10:13] [INFO] 編集モードを有効にしました
[2026-03-05 16:10:13] [INFO] ページ 3 のプロセスを読み込みました (プロセス数: 3)
[2026-03-05 16:10:14] [INFO] [Page:3 Process:1] プロセス有効状態を保存しました: False
[2026-03-05 16:10:14] [INFO] ページ 3 のプロセスを読み込みました (プロセス数: 3)
[2026-03-05 16:10:15] [INFO] 編集モードを無効にしました
[2026-03-05 16:10:15] [INFO] ページ 3 のプロセスを読み込みました (プロセス数: 3)
[2026-03-05 16:10:19] [INFO] 編集モードを有効にしました
[2026-03-05 16:10:19] [INFO] ページ 3 のプロセスを読み込みました (プロセス数: 3)
[2026-03-05 16:10:20] [INFO] ページ 2 のプロセスを読み込みました (プロセス数: 3)
[2026-03-05 16:10:21] [INFO] [Page:2 Process:1] プロセス有効状態を保存しました: False
[2026-03-05 16:10:21] [INFO] ページ 2 のプロセスを読み込みました (プロセス数: 3)
[2026-03-05 16:10:22] [INFO] 編集モードを無効にしました
[2026-03-05 16:10:22] [INFO] ページ 2 のプロセスを読み込みました (プロセス数: 3)
[2026-03-05 16:10:36] [INFO] 編集モードを有効にしました
[2026-03-05 16:10:36] [INFO] ページ 2 のプロセスを読み込みました (プロセス数: 3)
[2026-03-05 16:10:37] [INFO] [Page:2 Process:3] プロセス有効状態を保存しました: False
[2026-03-05 16:10:37] [INFO] ページ 2 のプロセスを読み込みました (プロセス数: 3)
[2026-03-05 16:10:39] [INFO] 編集モードを無効にしました
[2026-03-05 16:10:39] [INFO] ページ 2 のプロセスを読み込みました (プロセス数: 3)
[2026-03-05 16:10:48] [INFO] 編集モードを有効にしました
[2026-03-05 16:10:48] [INFO] ページ 2 のプロセスを読み込みました (プロセス数: 3)
[2026-03-05 16:10:50] [INFO] [Page:2 Process:1] プロセス有効状態を保存しました: True
[2026-03-05 16:10:50] [INFO] ページ 2 のプロセスを読み込みました (プロセス数: 3)
[2026-03-05 16:10:50] [INFO] [Page:2 Process:3] プロセス有効状態を保存しました: True
[2026-03-05 16:10:50] [INFO] ページ 2 のプロセスを読み込みました (プロセス数: 3)
[2026-03-05 16:10:51] [INFO] 編集モードを無効にしました
[2026-03-05 16:10:51] [INFO] ページ 2 のプロセスを読み込みました (プロセス数: 3)
[2026-03-05 16:10:54] [INFO] 編集モードを有効にしました
[2026-03-05 16:10:54] [INFO] ページ 2 のプロセスを読み込みました (プロセス数: 3)
[2026-03-05 16:10:55] [INFO] 編集モードを無効にしました
[2026-03-05 16:10:55] [INFO] ページ 2 のプロセスを読み込みました (プロセス数: 3)
[2026-03-05 16:10:57] [INFO] 編集モードを有効にしました
[2026-03-05 16:10:57] [INFO] ページ 2 のプロセスを読み込みました (プロセス数: 3)
[2026-03-05 16:10:59] [INFO] [Page:2 Process:1] プロセス有効状態を保存しました: False
[2026-03-05 16:10:59] [INFO] ページ 2 のプロセスを読み込みました (プロセス数: 3)
[2026-03-05 16:11:00] [INFO] 編集モードを無効にしました
[2026-03-05 16:11:00] [INFO] ページ 2 のプロセスを読み込みました (プロセス数: 3)
[2026-03-05 16:11:01] [INFO] 編集モードを有効にしました
[2026-03-05 16:11:01] [INFO] ページ 2 のプロセスを読み込みました (プロセス数: 3)
[2026-03-05 16:11:02] [INFO] [Page:2 Process:1] プロセス有効状態を保存しました: True
[2026-03-05 16:11:02] [INFO] ページ 2 のプロセスを読み込みました (プロセス数: 3)
[2026-03-05 16:11:03] [INFO] 編集モードを無効にしました
[2026-03-05 16:11:03] [INFO] ページ 2 のプロセスを読み込みました (プロセス数: 3)
[2026-03-05 16:11:34] [INFO] ページ 3 のプロセスを読み込みました (プロセス数: 3)
[2026-03-05 16:11:35] [INFO] ページ 2 のプロセスを読み込みました (プロセス数: 3)
[2026-03-05 16:11:56] [INFO] ページ 3 のプロセスを読み込みました (プロセス数: 3)
[2026-03-05 16:11:56] [INFO] ページ 4 のプロセスを読み込みました (プロセス数: 8)
[2026-03-05 16:11:59] [INFO] 編集モードを有効にしました
[2026-03-05 16:11:59] [INFO] ページ 4 のプロセスを読み込みました (プロセス数: 8)
[2026-03-05 16:12:01] [INFO] [Page:4 Process:1] プロセス有効状態を保存しました: True
[2026-03-05 16:12:01] [INFO] ページ 4 のプロセスを読み込みました (プロセス数: 8)
[2026-03-05 16:12:02] [INFO] 編集モードを無効にしました
[2026-03-05 16:12:02] [INFO] ページ 4 のプロセスを読み込みました (プロセス数: 8)
[2026-03-05 16:12:04] [INFO] 編集モードを有効にしました
[2026-03-05 16:12:04] [INFO] ページ 4 のプロセスを読み込みました (プロセス数: 8)
[2026-03-05 16:12:07] [INFO] 編集モードを無効にしました
[2026-03-05 16:12:07] [INFO] ページ 4 のプロセスを読み込みました (プロセス数: 8)
[2026-03-05 16:12:10] [INFO] 編集モードを有効にしました
[2026-03-05 16:12:10] [INFO] ページ 4 のプロセスを読み込みました (プロセス数: 8)
[2026-03-05 16:12:11] [INFO] [Page:4 Process:1] プロセス有効状態を保存しました: False
[2026-03-05 16:12:11] [INFO] ページ 4 のプロセスを読み込みました (プロセス数: 8)
[2026-03-05 16:12:12] [INFO] 編集モードを無効にしました
[2026-03-05 16:12:12] [INFO] ページ 4 のプロセスを読み込みました (プロセス数: 8)
[2026-03-05 16:12:13] [INFO] 編集モードを有効にしました
[2026-03-05 16:12:13] [INFO] ページ 4 のプロセスを読み込みました (プロセス数: 8)
[2026-03-05 16:12:14] [INFO] [Page:4 Process:1] プロセス有効状態を保存しました: True
[2026-03-05 16:12:14] [INFO] ページ 4 のプロセスを読み込みました (プロセス数: 8)
[2026-03-05 16:12:15] [INFO] 編集モードを無効にしました
[2026-03-05 16:12:15] [INFO] ページ 4 のプロセスを読み込みました (プロセス数: 8)
[2026-03-05 16:12:20] [INFO] ページ 3 のプロセスを読み込みました (プロセス数: 3)
[2026-03-05 16:12:22] [INFO] 編集モードを有効にしました
[2026-03-05 16:12:22] [INFO] ページ 3 のプロセスを読み込みました (プロセス数: 3)
[2026-03-05 16:12:23] [INFO] [Page:3 Process:1] プロセス有効状態を保存しました: True
[2026-03-05 16:12:23] [INFO] ページ 3 のプロセスを読み込みました (プロセス数: 3)
[2026-03-05 16:12:24] [INFO] 編集モードを無効にしました
[2026-03-05 16:12:24] [INFO] ページ 3 のプロセスを読み込みました (プロセス数: 3)
[2026-03-05 16:12:24] [INFO] 編集モードを有効にしました
[2026-03-05 16:12:24] [INFO] ページ 3 のプロセスを読み込みました (プロセス数: 3)
[2026-03-05 16:12:28] [INFO] 1行を削除しました
[2026-03-05 16:12:28] [INFO] ページ 3 のプロセスを読み込みました (プロセス数: 2)
[2026-03-05 16:12:32] [INFO] 編集モードを無効にしました
[2026-03-05 16:12:32] [INFO] ページ 3 のプロセスを読み込みました (プロセス数: 2)
[2026-03-05 16:20:08] [INFO] ページ 4 のプロセスを読み込みました (プロセス数: 8)
