Session Started at 20260304_191210
[2026-03-04 19:12:11] [INFO] ページ 1 のプロセスを読み込みました (プロセス数: 2)
[2026-03-04 19:12:11] [INFO] アプリケーションを起動しました
[2026-03-04 19:12:11] [INFO] 設定ファイル: C:\work\iko_gui\config\json\config.json
[2026-03-04 19:12:11] [INFO] ページ数: 4
[2026-03-04 19:12:14] [INFO] ページ 2 のプロセスを読み込みました (プロセス数: 3)
[2026-03-04 19:12:14] [INFO] ページ 3 のプロセスを読み込みました (プロセス数: 3)
[2026-03-04 19:12:15] [INFO] ページ 4 のプロセスを読み込みました (プロセス数: 8)
[2026-03-04 19:12:18] [INFO] 編集モードを有効にしました
[2026-03-04 19:12:18] [INFO] ページ 4 のプロセスを読み込みました (プロセス数: 8)
[2026-03-04 19:12:25] [INFO] ページパスを保存しました: C:\work\iko_gui\config\json\page4.json
[2026-03-04 19:12:25] [INFO] ログ格納先を設定しました: C:\work\SpringSample\gradle
[2026-03-04 19:12:25] [INFO] ページ 4 のプロセスを読み込みました (プロセス数: 8)
[2026-03-04 19:12:53] [INFO] ページパスを保存しました: C:\work\iko_gui\config\json\page4.json
[2026-03-04 19:12:53] [INFO] ログ格納先2を設定しました: C:\work\iko_gui\config
[2026-03-04 19:12:53] [INFO] ページ 4 のプロセスを読み込みました (プロセス数: 8)
[2026-03-04 19:13:01] [INFO] 編集モードを無効にしました
[2026-03-04 19:13:01] [INFO] ページ 4 のプロセスを読み込みました (プロセス数: 8)
[2026-03-04 19:13:07] [INFO] ページ 3 のプロセスを読み込みました (プロセス数: 3)
[2026-03-04 19:13:08] [INFO] 編集モードを有効にしました
[2026-03-04 19:13:08] [INFO] ページ 3 のプロセスを読み込みました (プロセス数: 3)
[2026-03-04 19:13:11] [INFO] ページパスを保存しました: C:\work\iko_gui\config\json\page3.json
[2026-03-04 19:13:11] [INFO] ログ格納先を設定しました: C:\work\keycloak-quickstarts\.github\workflows
[2026-03-04 19:13:11] [INFO] ページ 3 のプロセスを読み込みました (プロセス数: 3)
[2026-03-04 19:13:16] [INFO] ページパスを保存しました: C:\work\iko_gui\config\json\page3.json
[2026-03-04 19:13:16] [INFO] ログ格納先2を設定しました: C:\work\iko_gui\upload\eb
[2026-03-04 19:13:16] [INFO] ページ 3 のプロセスを読み込みました (プロセス数: 3)
[2026-03-04 19:13:19] [INFO] 編集モードを無効にしました
[2026-03-04 19:13:19] [INFO] ページ 3 のプロセスを読み込みました (プロセス数: 3)
[2026-03-04 19:15:32] [INFO] ページ 2 のプロセスを読み込みました (プロセス数: 3)
[2026-03-04 19:15:32] [INFO] ページ 1 のプロセスを読み込みました (プロセス数: 2)
[2026-03-04 19:15:34] [INFO] ページ 2 のプロセスを読み込みました (プロセス数: 3)
[2026-03-04 19:15:35] [INFO] ページ 3 のプロセスを読み込みました (プロセス数: 3)
[2026-03-04 19:15:35] [INFO] ページ 4 のプロセスを読み込みました (プロセス数: 8)
[2026-03-04 19:15:38] [INFO] ページ 3 のプロセスを読み込みました (プロセス数: 3)
[2026-03-04 19:15:39] [INFO] ページ 2 のプロセスを読み込みました (プロセス数: 3)
[2026-03-04 19:15:50] [INFO] 編集モードを有効にしました
[2026-03-04 19:15:50] [INFO] ページ 2 のプロセスを読み込みました (プロセス数: 3)
[2026-03-04 19:15:55] [INFO] ページ 2 のプロセスを読み込みました (プロセス数: 3)
[2026-03-04 19:16:03] [INFO] ページ 3 のプロセスを読み込みました (プロセス数: 3)
[2026-03-04 19:16:04] [INFO] ページ 4 のプロセスを読み込みました (プロセス数: 8)
[2026-03-04 19:16:07] [INFO] ページ 3 のプロセスを読み込みました (プロセス数: 3)
[2026-03-04 19:16:12] [INFO] ページパスを保存しました: C:\work\iko_gui\config\json\page3.json
[2026-03-04 19:16:12] [INFO] ログ格納先2を設定しました: C:\work\iko_gui
[2026-03-04 19:16:12] [INFO] ページ 3 のプロセスを読み込みました (プロセス数: 3)
[2026-03-04 19:18:11] [INFO] 編集モードを無効にしました
[2026-03-04 19:18:11] [INFO] ページ 3 のプロセスを読み込みました (プロセス数: 3)
