Session Started at 20260213_145055
[2026-02-13 14:50:56] [INFO] ページ 1 のプロセスを読み込みました (プロセス数: 2)
[2026-02-13 14:50:56] [INFO] アプリケーションを起動しました
[2026-02-13 14:50:56] [INFO] 設定ファイル: C:\work\iko_gui\config\json\config.json
[2026-02-13 14:50:56] [INFO] ページ数: 4
[2026-02-13 14:50:57] [INFO] ページ 2 のプロセスを読み込みました (プロセス数: 3)
[2026-02-13 14:50:57] [INFO] ページ 3 のプロセスを読み込みました (プロセス数: 3)
[2026-02-13 14:50:58] [INFO] ページ 4 のプロセスを読み込みました (プロセス数: 8)
[2026-02-13 14:50:59] [INFO] ページ 3 のプロセスを読み込みました (プロセス数: 3)
[2026-02-13 14:51:01] [INFO] 編集モードを有効にしました
[2026-02-13 14:51:01] [INFO] ページ 3 のプロセスを読み込みました (プロセス数: 3)
[2026-02-13 14:51:09] [INFO] ページパスを保存しました: C:\work\iko_gui\config\json\page3.json
[2026-02-13 14:51:10] [ERROR] ページJSONファイルの保存に失敗しました: "SourcePath" の設定中に例外が発生しました: "このオブジェクトにプロパティ 'SourcePath' が見つかりません。プロパティが存在し、設定可能であることを確認してください。"
[2026-02-13 14:51:10] [INFO] V1抽出CSV格納元を設定しました: C:\MELSEC\NNavi
[2026-02-13 14:51:12] [INFO] ページ 4 のプロセスを読み込みました (プロセス数: 8)
[2026-02-13 14:51:12] [INFO] ページ 3 のプロセスを読み込みました (プロセス数: 3)
[2026-02-13 14:51:13] [INFO] ページ 2 のプロセスを読み込みました (プロセス数: 3)
[2026-02-13 14:51:14] [INFO] ページ 3 のプロセスを読み込みました (プロセス数: 3)
[2026-02-13 16:27:32] [INFO] ページ 4 のプロセスを読み込みました (プロセス数: 8)
[2026-02-13 16:27:34] [INFO] ページ 3 のプロセスを読み込みました (プロセス数: 3)
[2026-02-13 16:27:35] [INFO] ページ 4 のプロセスを読み込みました (プロセス数: 8)
