Session Started at 20260317_191227
[2026-03-17 19:12:28] [INFO] ページ 1 のプロセスを読み込みました (プロセス数: 2)
[2026-03-17 19:12:28] [INFO] アプリケーションを起動しました
[2026-03-17 19:12:28] [INFO] 設定ファイル: C:\work\iko_gui\config\json\config.json
[2026-03-17 19:12:28] [INFO] ページ数: 4
[2026-03-17 19:12:30] [INFO] ページ 2 のプロセスを読み込みました (プロセス数: 3)
[2026-03-17 19:12:31] [INFO] ページ 3 のプロセスを読み込みました (プロセス数: 3)
[2026-03-17 19:12:31] [INFO] ページ 4 のプロセスを読み込みました (プロセス数: 8)
[2026-03-17 19:12:33] [INFO] 編集モードを有効にしました
[2026-03-17 19:12:33] [INFO] ページ 4 のプロセスを読み込みました (プロセス数: 8)
[2026-03-17 19:13:22] [INFO] [Page:4 Process:1] プロセス有効状態を保存しました: False
[2026-03-17 19:13:22] [INFO] ページ 4 のプロセスを読み込みました (プロセス数: 8)
[2026-03-17 19:13:23] [INFO] 編集モードを無効にしました
[2026-03-17 19:13:23] [INFO] ページ 4 のプロセスを読み込みました (プロセス数: 8)
[2026-03-17 19:13:27] [INFO] 編集モードを有効にしました
[2026-03-17 19:13:27] [INFO] ページ 4 のプロセスを読み込みました (プロセス数: 8)
[2026-03-17 19:13:28] [INFO] [Page:4 Process:1] プロセス有効状態を保存しました: True
[2026-03-17 19:13:28] [INFO] ページ 4 のプロセスを読み込みました (プロセス数: 8)
[2026-03-17 19:13:29] [INFO] 編集モードを無効にしました
[2026-03-17 19:13:29] [INFO] ページ 4 のプロセスを読み込みました (プロセス数: 8)
[2026-03-17 19:13:31] [INFO] 編集モードを有効にしました
[2026-03-17 19:13:31] [INFO] ページ 4 のプロセスを読み込みました (プロセス数: 8)
[2026-03-17 19:13:32] [INFO] [Page:4 Process:1] プロセス有効状態を保存しました: False
[2026-03-17 19:13:32] [INFO] ページ 4 のプロセスを読み込みました (プロセス数: 8)
[2026-03-17 19:13:33] [INFO] 編集モードを無効にしました
[2026-03-17 19:13:33] [INFO] ページ 4 のプロセスを読み込みました (プロセス数: 8)
[2026-03-17 19:13:36] [INFO] 編集モードを有効にしました
[2026-03-17 19:13:36] [INFO] ページ 4 のプロセスを読み込みました (プロセス数: 8)
