Session Started at 20260305_175118
[2026-03-05 17:51:18] [INFO] ページ 1 のプロセスを読み込みました (プロセス数: 2)
[2026-03-05 17:51:18] [INFO] アプリケーションを起動しました
[2026-03-05 17:51:18] [INFO] 設定ファイル: C:\work\iko_gui\config\json\config.json
[2026-03-05 17:51:18] [INFO] ページ数: 4
[2026-03-05 17:51:21] [INFO] ページ 2 のプロセスを読み込みました (プロセス数: 3)
[2026-03-05 17:51:30] [INFO] ページ 3 のプロセスを読み込みました (プロセス数: 2)
[2026-03-05 17:53:22] [INFO] ページ 2 のプロセスを読み込みました (プロセス数: 3)
[2026-03-05 17:53:22] [INFO] ページ 1 のプロセスを読み込みました (プロセス数: 2)
[2026-03-05 17:53:31] [INFO] 編集モードを有効にしました
[2026-03-05 17:53:31] [INFO] ページ 1 のプロセスを読み込みました (プロセス数: 2)
[2026-03-05 17:53:34] [INFO] [Page:1 Process:1] バッチファイルパスを保存しました (Index: 0): iko_gui\run.bat
[2026-03-05 17:53:34] [INFO] [Page:1 Process:1] チェック用バッチファイルを設定しました: C:\work\iko_gui\run.bat
[2026-03-05 17:53:35] [INFO] ページ 1 のプロセスを読み込みました (プロセス数: 2)
[2026-03-05 17:53:38] [INFO] 編集モードを無効にしました
[2026-03-05 17:53:38] [INFO] ページ 1 のプロセスを読み込みました (プロセス数: 2)
[2026-03-05 17:53:41] [INFO] [Page:1 Process:1] バッチファイル実行開始: チェック用バッチ (C:\work\iko_gui\run.bat)
[2026-03-05 17:53:44] [INFO] [Page:1 Process:1] バッチファイル実行完了 (ウィンドウ切断: -1073741510)
[2026-03-05 17:58:17] [INFO] ページ 2 のプロセスを読み込みました (プロセス数: 3)
[2026-03-05 17:58:21] [INFO] ページ 3 のプロセスを読み込みました (プロセス数: 2)
[2026-03-05 17:59:08] [INFO] ページ 4 のプロセスを読み込みました (プロセス数: 8)
[2026-03-05 18:02:07] [INFO] ページ 3 のプロセスを読み込みました (プロセス数: 2)
[2026-03-05 18:02:27] [INFO] ページ 4 のプロセスを読み込みました (プロセス数: 8)
[2026-03-05 18:03:48] [INFO] ページ 3 のプロセスを読み込みました (プロセス数: 2)
