Session Started at 20260310_085709
[2026-03-10 08:57:10] [INFO] ページ 1 のプロセスを読み込みました (プロセス数: 2)
[2026-03-10 08:57:10] [INFO] アプリケーションを起動しました
[2026-03-10 08:57:10] [INFO] 設定ファイル: C:\work\iko_gui\config\json\config.json
[2026-03-10 08:57:10] [INFO] ページ数: 4
[2026-03-10 08:57:13] [INFO] ページ 2 のプロセスを読み込みました (プロセス数: 3)
[2026-03-10 08:57:13] [INFO] ページ 3 のプロセスを読み込みました (プロセス数: 3)
[2026-03-10 08:57:14] [INFO] ページ 4 のプロセスを読み込みました (プロセス数: 8)
[2026-03-10 08:57:15] [INFO] 編集モードを有効にしました
[2026-03-10 08:57:15] [INFO] ページ 4 のプロセスを読み込みました (プロセス数: 8)
[2026-03-10 08:57:23] [INFO] 編集モードを無効にしました
[2026-03-10 08:57:23] [INFO] ページ 4 のプロセスを読み込みました (プロセス数: 8)
[2026-03-10 08:57:24] [ERROR] [Page:4 Process:1] V1抽出CSV格納元が存在しません: C:\work\log2
[2026-03-10 08:57:31] [INFO] 編集モードを有効にしました
[2026-03-10 08:57:31] [INFO] ページ 4 のプロセスを読み込みました (プロセス数: 8)
[2026-03-10 08:57:37] [INFO] [Page:4 Process:1] プロセスKDL変換CSV格納元パスを保存しました: iko_gui\logs
[2026-03-10 08:57:37] [INFO] [Page:4 Process:1] KDL変換CSV格納元を設定しました: C:\work\iko_gui\logs
[2026-03-10 08:57:43] [INFO] [Page:4 Process:1] プロセスKDL変換CSV格納先パスを保存しました: iko_gui\UI
[2026-03-10 08:57:43] [INFO] [Page:4 Process:1] KDL変換CSV格納先を設定しました: C:\work\iko_gui\UI
[2026-03-10 08:57:45] [INFO] 編集モードを無効にしました
[2026-03-10 08:57:45] [INFO] ページ 4 のプロセスを読み込みました (プロセス数: 8)
[2026-03-10 08:57:46] [INFO] [Page:4 Process:1] ========== ファイル移動開始 ==========
[2026-03-10 08:57:46] [INFO] [Page:4 Process:1] プロセス名: 1.EB SQLLOADER実行
[2026-03-10 08:57:46] [INFO] [Page:4 Process:1] V1抽出CSV格納元: C:\work\iko_gui\logs
[2026-03-10 08:57:46] [INFO] [Page:4 Process:1] V1抽出CSV格納先: C:\work\iko_gui\UI
[2026-03-10 08:57:46] [INFO] [Page:4 Process:1] ファイルリスト: C:\work\iko_gui\config\movefiles\1.EB SQLLOADER実行_1.txt
[2026-03-10 08:57:46] [ERROR] [Page:4 Process:1] コピー元ファイルが見つかりません: C:\work\iko_gui\logs\a
[2026-03-10 08:57:46] [ERROR] [Page:4 Process:1] コピー元ファイルが見つかりません: C:\work\iko_gui\logs\b
[2026-03-10 08:57:46] [ERROR] [Page:4 Process:1] コピー元ファイルが見つかりません: C:\work\iko_gui\logs\c
[2026-03-10 08:57:46] [ERROR] [Page:4 Process:1] コピー元ファイルが見つかりません: C:\work\iko_gui\logs\d
[2026-03-10 08:57:46] [INFO] [Page:4 Process:1] ========== ファイル移動完了 ==========
[2026-03-10 08:57:46] [INFO] [Page:4 Process:1] 合計: 4 件、成功: 0 件、失敗: 4 件
[2026-03-10 08:57:52] [INFO] 編集モードを有効にしました
[2026-03-10 08:57:52] [INFO] ページ 4 のプロセスを読み込みました (プロセス数: 8)
[2026-03-10 08:57:55] [INFO] 編集モードを無効にしました
[2026-03-10 08:57:55] [INFO] ページ 4 のプロセスを読み込みました (プロセス数: 8)
[2026-03-10 08:57:56] [INFO] [Page:4 Process:1] ========== ファイル移動開始 ==========
[2026-03-10 08:57:56] [INFO] [Page:4 Process:1] プロセス名: 1.EB SQLLOADER実行
[2026-03-10 08:57:56] [INFO] [Page:4 Process:1] V1抽出CSV格納元: C:\a5m2
[2026-03-10 08:57:56] [INFO] [Page:4 Process:1] V1抽出CSV格納先: C:\work\logs
[2026-03-10 08:57:56] [INFO] [Page:4 Process:1] ファイルリスト: C:\work\iko_gui\config\movefiles\1.EB SQLLOADER実行_2.txt
[2026-03-10 08:57:56] [ERROR] [Page:4 Process:1] コピー元ファイルが見つかりません: C:\a5m2\c
[2026-03-10 08:57:57] [ERROR] [Page:4 Process:1] コピー元ファイルが見つかりません: C:\a5m2\b
[2026-03-10 08:57:57] [ERROR] [Page:4 Process:1] コピー元ファイルが見つかりません: C:\a5m2\a
[2026-03-10 08:57:57] [INFO] [Page:4 Process:1] ========== ファイル移動完了 ==========
[2026-03-10 08:57:57] [INFO] [Page:4 Process:1] 合計: 3 件、成功: 0 件、失敗: 3 件
[2026-03-10 08:58:01] [INFO] [Page:4 Process:2] ========== ファイル移動開始 ==========
[2026-03-10 08:58:01] [INFO] [Page:4 Process:2] プロセス名: 1.EE SQLLOADER実行
[2026-03-10 08:58:01] [INFO] [Page:4 Process:2] V1抽出CSV格納元: C:\work\新しいフォルダー
[2026-03-10 08:58:01] [INFO] [Page:4 Process:2] V1抽出CSV格納先: C:\work\summary
[2026-03-10 08:58:01] [INFO] [Page:4 Process:2] ファイルリスト: C:\work\iko_gui\config\movefiles\1.EE SQLLOADER実行_1.txt
[2026-03-10 08:58:01] [ERROR] [Page:4 Process:2] コピー元ファイルが見つかりません: C:\work\新しいフォルダー\s
[2026-03-10 08:58:01] [ERROR] [Page:4 Process:2] コピー元ファイルが見つかりません: C:\work\新しいフォルダー\d
[2026-03-10 08:58:01] [ERROR] [Page:4 Process:2] コピー元ファイルが見つかりません: C:\work\新しいフォルダー\i
[2026-03-10 08:58:01] [INFO] [Page:4 Process:2] ========== ファイル移動完了 ==========
[2026-03-10 08:58:01] [INFO] [Page:4 Process:2] 合計: 3 件、成功: 0 件、失敗: 3 件
[2026-03-10 08:58:05] [INFO] [Page:4 Process:2] ========== ファイル移動開始 ==========
[2026-03-10 08:58:05] [INFO] [Page:4 Process:2] プロセス名: 1.EE SQLLOADER実行
[2026-03-10 08:58:05] [INFO] [Page:4 Process:2] V1抽出CSV格納元: C:\a5m2
[2026-03-10 08:58:05] [INFO] [Page:4 Process:2] V1抽出CSV格納先: C:\work
[2026-03-10 08:58:06] [INFO] [Page:4 Process:2] ファイルリスト: C:\work\iko_gui\config\movefiles\1.EE SQLLOADER実行_2.txt
[2026-03-10 08:58:06] [ERROR] [Page:4 Process:2] コピー元ファイルが見つかりません: C:\a5m2\i
[2026-03-10 08:58:06] [ERROR] [Page:4 Process:2] コピー元ファイルが見つかりません: C:\a5m2\d
[2026-03-10 08:58:06] [ERROR] [Page:4 Process:2] コピー元ファイルが見つかりません: C:\a5m2\s
[2026-03-10 08:58:06] [INFO] [Page:4 Process:2] ========== ファイル移動完了 ==========
[2026-03-10 08:58:06] [INFO] [Page:4 Process:2] 合計: 3 件、成功: 0 件、失敗: 3 件
[2026-03-10 08:58:09] [ERROR] [Page:4 Process:3] ファイル移動リストが見つかりません: C:\work\iko_gui\config\movefiles\1.EC SQLLOADER実行.txt
[2026-03-10 08:58:13] [INFO] 編集モードを有効にしました
[2026-03-10 08:58:13] [INFO] ページ 4 のプロセスを読み込みました (プロセス数: 8)
[2026-03-10 08:58:21] [INFO] 編集モードを無効にしました
[2026-03-10 08:58:21] [INFO] ページ 4 のプロセスを読み込みました (プロセス数: 8)
[2026-03-10 08:58:24] [INFO] [Page:4 Process:3] ========== ファイル移動開始 ==========
[2026-03-10 08:58:24] [INFO] [Page:4 Process:3] プロセス名: 1.EC SQLLOADER実行
[2026-03-10 08:58:24] [INFO] [Page:4 Process:3] V1抽出CSV格納元: C:\a5m2
[2026-03-10 08:58:24] [INFO] [Page:4 Process:3] V1抽出CSV格納先: C:\work\logs\ec
[2026-03-10 08:58:24] [INFO] [Page:4 Process:3] ファイルリスト: C:\work\iko_gui\config\movefiles\1.EC SQLLOADER実行.txt
[2026-03-10 08:58:24] [ERROR] [Page:4 Process:3] コピー元ファイルが見つかりません: C:\a5m2\d
[2026-03-10 08:58:24] [ERROR] [Page:4 Process:3] コピー元ファイルが見つかりません: C:\a5m2\d
[2026-03-10 08:58:24] [ERROR] [Page:4 Process:3] コピー元ファイルが見つかりません: C:\a5m2\d
[2026-03-10 08:58:24] [ERROR] [Page:4 Process:3] コピー元ファイルが見つかりません: C:\a5m2\d
[2026-03-10 08:58:24] [INFO] [Page:4 Process:3] ========== ファイル移動完了 ==========
[2026-03-10 08:58:24] [INFO] [Page:4 Process:3] 合計: 4 件、成功: 0 件、失敗: 4 件
