Session Started at 20260218_140134
[2026-02-18 14:01:34] [INFO] ページ 1 のプロセスを読み込みました (プロセス数: 2)
[2026-02-18 14:01:35] [INFO] アプリケーションを起動しました
[2026-02-18 14:01:35] [INFO] 設定ファイル: C:\work\iko_gui\config\json\config.json
[2026-02-18 14:01:35] [INFO] ページ数: 4
[2026-02-18 14:01:36] [INFO] ページ 2 のプロセスを読み込みました (プロセス数: 3)
[2026-02-18 14:01:38] [INFO] 編集モードを有効にしました
[2026-02-18 14:01:38] [INFO] ページ 2 のプロセスを読み込みました (プロセス数: 3)
[2026-02-18 14:01:40] [INFO] ページ 1 のプロセスを読み込みました (プロセス数: 2)
[2026-02-18 14:01:42] [INFO] [Page:1 Process:1] プロセス有効状態を保存しました: False
[2026-02-18 14:01:42] [INFO] ページ 1 のプロセスを読み込みました (プロセス数: 2)
[2026-02-18 14:01:43] [INFO] [Page:1 Process:1] プロセス有効状態を保存しました: True
[2026-02-18 14:01:43] [INFO] ページ 1 のプロセスを読み込みました (プロセス数: 2)
[2026-02-18 14:01:44] [INFO] [Page:1 Process:1] プロセス有効状態を保存しました: False
[2026-02-18 14:01:44] [INFO] ページ 1 のプロセスを読み込みました (プロセス数: 2)
[2026-02-18 14:01:48] [INFO] 編集モードを無効にしました
[2026-02-18 14:01:48] [INFO] ページ 1 のプロセスを読み込みました (プロセス数: 2)
[2026-02-18 14:01:53] [INFO] 編集モードを有効にしました
[2026-02-18 14:01:53] [INFO] ページ 1 のプロセスを読み込みました (プロセス数: 2)
[2026-02-18 14:01:56] [INFO] 新しい行を追加しました
[2026-02-18 14:01:56] [INFO] ページ 1 のプロセスを読み込みました (プロセス数: 3)
[2026-02-18 14:01:57] [INFO] [Page:1 Process:1] プロセス有効状態を保存しました: True
[2026-02-18 14:01:57] [INFO] ページ 1 のプロセスを読み込みました (プロセス数: 3)
[2026-02-18 14:01:59] [INFO] 3行を削除しました
[2026-02-18 14:01:59] [WARN] JSONファイルにProcessesが含まれていません: C:\work\iko_gui\config\json\page1.json
[2026-02-18 14:01:59] [INFO] ページ 1 のプロセスを読み込みました (プロセス数: 0)
[2026-02-18 14:01:59] [WARN] JSONファイルにProcessesが含まれていません: C:\work\iko_gui\config\json\page1.json
[2026-02-18 14:02:00] [INFO] 編集モードを無効にしました
[2026-02-18 14:02:00] [WARN] JSONファイルにProcessesが含まれていません: C:\work\iko_gui\config\json\page1.json
[2026-02-18 14:02:00] [INFO] ページ 1 のプロセスを読み込みました (プロセス数: 0)
[2026-02-18 14:02:01] [WARN] JSONファイルにProcessesが含まれていません: C:\work\iko_gui\config\json\page1.json
[2026-02-18 14:02:01] [INFO] 編集モードを有効にしました
[2026-02-18 14:02:01] [WARN] JSONファイルにProcessesが含まれていません: C:\work\iko_gui\config\json\page1.json
[2026-02-18 14:02:01] [INFO] ページ 1 のプロセスを読み込みました (プロセス数: 0)
[2026-02-18 14:02:01] [WARN] JSONファイルにProcessesが含まれていません: C:\work\iko_gui\config\json\page1.json
[2026-02-18 14:02:04] [INFO] 新しい行を追加しました
[2026-02-18 14:02:04] [INFO] ページ 1 のプロセスを読み込みました (プロセス数: 1)
[2026-02-18 14:02:04] [INFO] 新しい行を追加しました
[2026-02-18 14:02:04] [INFO] ページ 1 のプロセスを読み込みました (プロセス数: 2)
[2026-02-18 14:02:05] [INFO] 新しい行を追加しました
[2026-02-18 14:02:05] [INFO] ページ 1 のプロセスを読み込みました (プロセス数: 3)
[2026-02-18 14:02:06] [INFO] 編集モードを無効にしました
[2026-02-18 14:02:06] [INFO] ページ 1 のプロセスを読み込みました (プロセス数: 3)
[2026-02-18 14:02:07] [INFO] 編集モードを有効にしました
[2026-02-18 14:02:07] [INFO] ページ 1 のプロセスを読み込みました (プロセス数: 3)
[2026-02-18 14:02:08] [INFO] [Page:1 Process:3] プロセス有効状態を保存しました: False
[2026-02-18 14:02:08] [INFO] ページ 1 のプロセスを読み込みました (プロセス数: 3)
