Session Started at 20260306_155758
[2026-03-06 15:57:59] [INFO] ページ 1 のプロセスを読み込みました (プロセス数: 2)
[2026-03-06 15:58:00] [INFO] アプリケーションを起動しました
[2026-03-06 15:58:00] [INFO] 設定ファイル: C:\work\iko_gui\config\json\config.json
[2026-03-06 15:58:00] [INFO] ページ数: 4
[2026-03-06 15:58:01] [INFO] ページ 2 のプロセスを読み込みました (プロセス数: 3)
[2026-03-06 15:58:02] [INFO] ページ 3 のプロセスを読み込みました (プロセス数: 3)
[2026-03-06 15:58:02] [INFO] ページ 4 のプロセスを読み込みました (プロセス数: 8)
[2026-03-06 15:58:03] [INFO] ページ 3 のプロセスを読み込みました (プロセス数: 3)
[2026-03-06 15:58:05] [INFO] 編集モードを有効にしました
[2026-03-06 15:58:05] [INFO] ページ 3 のプロセスを読み込みました (プロセス数: 3)
[2026-03-06 15:58:07] [INFO] [Page:3 Process:1] プロセス有効状態を保存しました: True
[2026-03-06 15:58:07] [INFO] ページ 3 のプロセスを読み込みました (プロセス数: 3)
[2026-03-06 15:58:07] [INFO] [Page:3 Process:2] プロセス有効状態を保存しました: True
[2026-03-06 15:58:07] [INFO] ページ 3 のプロセスを読み込みました (プロセス数: 3)
[2026-03-06 15:58:08] [INFO] [Page:3 Process:3] プロセス有効状態を保存しました: True
[2026-03-06 15:58:08] [INFO] ページ 3 のプロセスを読み込みました (プロセス数: 3)
[2026-03-06 15:58:09] [INFO] 編集モードを無効にしました
[2026-03-06 15:58:09] [INFO] ページ 3 のプロセスを読み込みました (プロセス数: 3)
[2026-03-06 15:58:11] [INFO] [Page:3 Process:1] バッチファイル実行開始: バッチファイル (C:\work\SpringSample\gradlew.bat)
[2026-03-06 15:58:17] [INFO] [Page:3 Process:1] バッチファイル実行完了 (ウィンドウ切断: -1073741510)
[2026-03-06 15:58:17] [INFO] [Page:3 Process:1] プロセス有効状態を保存しました: False
[2026-03-06 15:58:17] [INFO] ページ 3 のプロセスを読み込みました (プロセス数: 3)
[2026-03-06 15:58:23] [ERROR] [Page:3 Process:2] CSV名変換用バッチファイルが設定されていません
[2026-03-06 15:58:25] [INFO] ページ 2 のプロセスを読み込みました (プロセス数: 3)
[2026-03-06 15:58:27] [INFO] 編集モードを有効にしました
[2026-03-06 15:58:27] [INFO] ページ 2 のプロセスを読み込みました (プロセス数: 3)
