Session Started at 20260304_194003
[2026-03-04 19:40:03] [INFO] ページ 1 のプロセスを読み込みました (プロセス数: 2)
[2026-03-04 19:40:03] [INFO] アプリケーションを起動しました
[2026-03-04 19:40:03] [INFO] 設定ファイル: C:\work\iko_gui\config\json\config.json
[2026-03-04 19:40:03] [INFO] ページ数: 4
[2026-03-04 19:40:06] [INFO] ページ 2 のプロセスを読み込みました (プロセス数: 3)
[2026-03-04 19:40:06] [INFO] ページ 3 のプロセスを読み込みました (プロセス数: 3)
[2026-03-04 19:40:07] [INFO] 編集モードを有効にしました
[2026-03-04 19:40:08] [INFO] ページ 3 のプロセスを読み込みました (プロセス数: 3)
[2026-03-04 19:40:12] [INFO] 編集モードを無効にしました
[2026-03-04 19:40:12] [INFO] ページ 3 のプロセスを読み込みました (プロセス数: 3)
[2026-03-04 19:40:13] [INFO] 編集モードを有効にしました
[2026-03-04 19:40:13] [INFO] ページ 3 のプロセスを読み込みました (プロセス数: 3)
[2026-03-04 19:40:16] [INFO] 編集モードを無効にしました
[2026-03-04 19:40:16] [INFO] ページ 3 のプロセスを読み込みました (プロセス数: 3)
[2026-03-04 19:40:17] [INFO] 編集モードを有効にしました
[2026-03-04 19:40:17] [INFO] ページ 3 のプロセスを読み込みました (プロセス数: 3)
[2026-03-04 19:40:24] [INFO] 編集モードを無効にしました
[2026-03-04 19:40:24] [INFO] ページ 3 のプロセスを読み込みました (プロセス数: 3)
[2026-03-04 19:40:25] [INFO] 編集モードを有効にしました
[2026-03-04 19:40:25] [INFO] ページ 3 のプロセスを読み込みました (プロセス数: 3)
[2026-03-04 19:40:26] [INFO] 編集モードを無効にしました
[2026-03-04 19:40:26] [INFO] ページ 3 のプロセスを読み込みました (プロセス数: 3)
[2026-03-04 19:40:27] [INFO] ページ 2 のプロセスを読み込みました (プロセス数: 3)
[2026-03-04 19:40:28] [INFO] 編集モードを有効にしました
[2026-03-04 19:40:28] [INFO] ページ 2 のプロセスを読み込みました (プロセス数: 3)
[2026-03-04 19:40:30] [INFO] [Page:2 Process:1] プロセス有効状態を保存しました: False
[2026-03-04 19:40:30] [INFO] ページ 2 のプロセスを読み込みました (プロセス数: 3)
[2026-03-04 19:40:30] [INFO] 編集モードを無効にしました
[2026-03-04 19:40:30] [INFO] ページ 2 のプロセスを読み込みました (プロセス数: 3)
[2026-03-04 19:40:31] [INFO] 編集モードを有効にしました
[2026-03-04 19:40:31] [INFO] ページ 2 のプロセスを読み込みました (プロセス数: 3)
[2026-03-04 19:40:32] [INFO] [Page:2 Process:1] プロセス有効状態を保存しました: True
[2026-03-04 19:40:32] [INFO] ページ 2 のプロセスを読み込みました (プロセス数: 3)
[2026-03-04 19:40:33] [INFO] 編集モードを無効にしました
[2026-03-04 19:40:33] [INFO] ページ 2 のプロセスを読み込みました (プロセス数: 3)
[2026-03-04 19:40:36] [INFO] ページ 3 のプロセスを読み込みました (プロセス数: 3)
[2026-03-04 19:40:42] [INFO] 編集モードを有効にしました
[2026-03-04 19:40:42] [INFO] ページ 3 のプロセスを読み込みました (プロセス数: 3)
[2026-03-04 19:40:45] [INFO] 編集モードを無効にしました
[2026-03-04 19:40:45] [INFO] ページ 3 のプロセスを読み込みました (プロセス数: 3)
[2026-03-04 19:41:34] [INFO] ページ 4 のプロセスを読み込みました (プロセス数: 8)
[2026-03-04 19:41:34] [INFO] ページ 3 のプロセスを読み込みました (プロセス数: 3)
[2026-03-04 19:41:35] [INFO] ページ 2 のプロセスを読み込みました (プロセス数: 3)
[2026-03-04 19:41:36] [INFO] ページ 3 のプロセスを読み込みました (プロセス数: 3)
[2026-03-04 19:41:37] [INFO] 編集モードを有効にしました
[2026-03-04 19:41:37] [INFO] ページ 3 のプロセスを読み込みました (プロセス数: 3)
[2026-03-04 19:41:40] [INFO] 編集モードを無効にしました
[2026-03-04 19:41:40] [INFO] ページ 3 のプロセスを読み込みました (プロセス数: 3)
[2026-03-04 19:41:41] [INFO] 編集モードを有効にしました
[2026-03-04 19:41:41] [INFO] ページ 3 のプロセスを読み込みました (プロセス数: 3)
[2026-03-04 19:41:43] [INFO] 編集モードを無効にしました
[2026-03-04 19:41:43] [INFO] ページ 3 のプロセスを読み込みました (プロセス数: 3)
[2026-03-04 19:47:26] [INFO] ページ 4 のプロセスを読み込みました (プロセス数: 8)
