Session Started at 20260317_181739
[2026-03-17 18:17:40] [INFO] ページ 1 のプロセスを読み込みました (プロセス数: 2)
[2026-03-17 18:17:40] [INFO] アプリケーションを起動しました
[2026-03-17 18:17:40] [INFO] 設定ファイル: C:\work\iko_gui\config\json\config.json
[2026-03-17 18:17:40] [INFO] ページ数: 4
[2026-03-17 18:17:42] [INFO] ページ 2 のプロセスを読み込みました (プロセス数: 3)
[2026-03-17 18:17:42] [INFO] ページ 3 のプロセスを読み込みました (プロセス数: 3)
[2026-03-17 18:17:42] [INFO] ページ 4 のプロセスを読み込みました (プロセス数: 8)
[2026-03-17 18:17:44] [INFO] 編集モードを有効にしました
[2026-03-17 18:17:44] [INFO] ページ 4 のプロセスを読み込みました (プロセス数: 8)
[2026-03-17 18:17:46] [INFO] 編集モードを無効にしました
[2026-03-17 18:17:46] [INFO] ページ 4 のプロセスを読み込みました (プロセス数: 8)
[2026-03-17 18:17:51] [INFO] 編集モードを有効にしました
[2026-03-17 18:17:51] [INFO] ページ 4 のプロセスを読み込みました (プロセス数: 8)
[2026-03-17 18:17:55] [INFO] [Page:4 Process:1] バッチファイルパスを保存しました (Index: 0): iko_gui\run.bat
[2026-03-17 18:17:55] [INFO] ページ 4 のプロセスを読み込みました (プロセス数: 8)
[2026-03-17 18:17:57] [INFO] 編集モードを無効にしました
[2026-03-17 18:17:57] [INFO] ページ 4 のプロセスを読み込みました (プロセス数: 8)
[2026-03-17 18:17:59] [INFO] 編集モードを有効にしました
[2026-03-17 18:17:59] [INFO] ページ 4 のプロセスを読み込みました (プロセス数: 8)
[2026-03-17 18:18:03] [INFO] 編集モードを無効にしました
[2026-03-17 18:18:03] [INFO] ページ 4 のプロセスを読み込みました (プロセス数: 8)
[2026-03-17 18:18:04] [INFO] [Page:4 Process:1] バッチファイル実行開始: KDL取込(KDB) (C:\work\iko_gui\run.bat)
[2026-03-17 18:18:08] [INFO] [Page:4 Process:1] バッチファイル実行完了 (ウィンドウ切断: -1073741510)
[2026-03-17 18:18:08] [INFO] [Page:4 Process:1] コンポーネント実行状態を保存しました: KdlKdbButton_Executed = True
[2026-03-17 18:18:08] [INFO] ページ 4 のプロセスを読み込みました (プロセス数: 8)
[2026-03-17 18:18:13] [ERROR] [Page:4 Process:1] バッチファイルが見つかりません: C:\work\sample2.bat
[2026-03-17 18:18:14] [INFO] [Page:4 Process:1] コンポーネント実行状態を保存しました: KdlEbButton_Executed = True
[2026-03-17 18:18:14] [INFO] ページ 4 のプロセスを読み込みました (プロセス数: 8)
[2026-03-17 18:18:15] [ERROR] [Page:4 Process:1] バッチファイルが見つかりません: C:\work\sample2.bat
[2026-03-17 18:18:16] [INFO] [Page:4 Process:1] コンポーネント実行状態を保存しました: DirectImportButton_Executed = True
[2026-03-17 18:18:16] [INFO] ページ 4 のプロセスを読み込みました (プロセス数: 8)
[2026-03-17 18:18:17] [ERROR] [Page:4 Process:1] バッチファイルが見つかりません: C:\work\sample2.bat
[2026-03-17 18:18:18] [ERROR] [Page:4 Process:1] コンポーネント実行状態の保存に失敗しました: 引数が空の文字列であるため、パラメーター 'Name' にバインドできません。
[2026-03-17 18:18:18] [INFO] ページ 4 のプロセスを読み込みました (プロセス数: 8)
[2026-03-17 18:18:19] [ERROR] [Page:4 Process:1] バッチファイルパスが空です
[2026-03-17 18:18:19] [ERROR] [Page:4 Process:1] コンポーネント実行状態の保存に失敗しました: 引数が空の文字列であるため、パラメーター 'Name' にバインドできません。
[2026-03-17 18:18:19] [INFO] ページ 4 のプロセスを読み込みました (プロセス数: 8)
[2026-03-17 18:18:20] [ERROR] [Page:4 Process:1] バッチファイルが見つかりません: C:\work\sample2.bat
[2026-03-17 18:18:21] [ERROR] [Page:4 Process:1] コンポーネント実行状態の保存に失敗しました: 引数が空の文字列であるため、パラメーター 'Name' にバインドできません。
[2026-03-17 18:18:21] [INFO] ページ 4 のプロセスを読み込みました (プロセス数: 8)
[2026-03-17 18:18:22] [INFO] 編集モードを有効にしました
[2026-03-17 18:18:22] [INFO] ページ 4 のプロセスを読み込みました (プロセス数: 8)
[2026-03-17 18:18:25] [INFO] [Page:4 Process:1] バッチファイルパスを保存しました (Index: 3): iko_gui\run.bat
[2026-03-17 18:18:25] [INFO] [Page:4 Process:1] 取込後用バッチファイルを設定しました: C:\work\iko_gui\run.bat
[2026-03-17 18:18:26] [INFO] ページ 4 のプロセスを読み込みました (プロセス数: 8)
[2026-03-17 18:18:26] [INFO] 編集モードを無効にしました
[2026-03-17 18:18:26] [INFO] ページ 4 のプロセスを読み込みました (プロセス数: 8)
[2026-03-17 18:18:27] [INFO] [Page:4 Process:1] バッチファイル実行開始: バッチファイル (C:\work\iko_gui\run.bat)
[2026-03-17 18:18:30] [INFO] [Page:4 Process:1] バッチファイル実行完了 (ウィンドウ切断: -1073741510)
[2026-03-17 18:18:30] [ERROR] [Page:4 Process:1] コンポーネント実行状態の保存に失敗しました: 引数が空の文字列であるため、パラメーター 'Name' にバインドできません。
[2026-03-17 18:18:30] [INFO] ページ 4 のプロセスを読み込みました (プロセス数: 8)
[2026-03-17 18:18:33] [ERROR] [Page:4 Process:1] バッチファイルパスが空です
[2026-03-17 18:18:33] [ERROR] [Page:4 Process:1] コンポーネント実行状態の保存に失敗しました: 引数が空の文字列であるため、パラメーター 'Name' にバインドできません。
[2026-03-17 18:18:33] [INFO] ページ 4 のプロセスを読み込みました (プロセス数: 8)
[2026-03-17 18:18:35] [ERROR] [Page:4 Process:1] バッチファイルパスが空です
[2026-03-17 18:18:35] [ERROR] [Page:4 Process:1] コンポーネント実行状態の保存に失敗しました: 引数が空の文字列であるため、パラメーター 'Name' にバインドできません。
[2026-03-17 18:18:35] [INFO] ページ 4 のプロセスを読み込みました (プロセス数: 8)
[2026-03-17 18:18:36] [ERROR] [Page:4 Process:1] バッチファイルパスが空です
[2026-03-17 18:18:36] [ERROR] [Page:4 Process:1] コンポーネント実行状態の保存に失敗しました: 引数が空の文字列であるため、パラメーター 'Name' にバインドできません。
[2026-03-17 18:18:36] [INFO] ページ 4 のプロセスを読み込みました (プロセス数: 8)
[2026-03-17 18:18:37] [INFO] 編集モードを有効にしました
[2026-03-17 18:18:37] [INFO] ページ 4 のプロセスを読み込みました (プロセス数: 8)
[2026-03-17 18:18:40] [INFO] [Page:4 Process:1] バッチファイルパスを保存しました (Index: 4): iko_gui\run.bat
[2026-03-17 18:18:40] [INFO] [Page:4 Process:1] メンテEA用バッチファイルを設定しました: C:\work\iko_gui\run.bat
[2026-03-17 18:18:41] [INFO] ページ 4 のプロセスを読み込みました (プロセス数: 8)
[2026-03-17 18:18:42] [INFO] 編集モードを無効にしました
[2026-03-17 18:18:42] [INFO] ページ 4 のプロセスを読み込みました (プロセス数: 8)
[2026-03-17 18:18:42] [INFO] [Page:4 Process:1] バッチファイル実行開始: メンテEA (C:\work\iko_gui\run.bat)
[2026-03-17 18:18:44] [INFO] [Page:4 Process:1] バッチファイル実行完了 (ウィンドウ切断: -1073741510)
[2026-03-17 18:18:44] [ERROR] [Page:4 Process:1] コンポーネント実行状態の保存に失敗しました: 引数が空の文字列であるため、パラメーター 'Name' にバインドできません。
[2026-03-17 18:18:44] [INFO] ページ 4 のプロセスを読み込みました (プロセス数: 8)
[2026-03-17 18:18:50] [INFO] 編集モードを有効にしました
[2026-03-17 18:18:50] [INFO] ページ 4 のプロセスを読み込みました (プロセス数: 8)
[2026-03-17 18:18:57] [INFO] [Page:4 Process:2] バッチファイルパスを保存しました (Index: 0): SpringSample\gradlew.bat
[2026-03-17 18:18:57] [INFO] [Page:4 Process:2] KDL取込用バッチファイルを設定しました: C:\work\SpringSample\gradlew.bat
[2026-03-17 18:18:58] [INFO] ページ 4 のプロセスを読み込みました (プロセス数: 8)
[2026-03-17 18:18:59] [INFO] 編集モードを無効にしました
[2026-03-17 18:18:59] [INFO] ページ 4 のプロセスを読み込みました (プロセス数: 8)
[2026-03-17 18:19:01] [INFO] [Page:4 Process:2] ログ出力フォルダを作成して開きました: C:\work\node_modules
[2026-03-17 18:19:04] [INFO] [Page:4 Process:2] バッチファイル実行開始: サンプル2 (C:\work\SpringSample\gradlew.bat)
[2026-03-17 18:19:07] [INFO] [Page:4 Process:2] バッチファイル実行完了 (ウィンドウ切断: -1073741510)
[2026-03-17 18:19:07] [INFO] [Page:4 Process:2] コンポーネント実行状態を保存しました: KdlImportButton_Executed = True
[2026-03-17 18:19:07] [INFO] ページ 4 のプロセスを読み込みました (プロセス数: 8)
[2026-03-17 18:19:09] [INFO] [Page:4 Process:2] バッチファイル実行開始: バッチファイル (C:\work\iko_gui\run.bat)
[2026-03-17 18:19:11] [INFO] [Page:4 Process:2] バッチファイル実行完了 (ウィンドウ切断: -1073741510)
[2026-03-17 18:19:11] [INFO] [Page:4 Process:2] コンポーネント実行状態を保存しました: DirectImportButton_Executed = True
[2026-03-17 18:19:11] [INFO] ページ 4 のプロセスを読み込みました (プロセス数: 8)
[2026-03-17 18:19:13] [ERROR] [Page:4 Process:2] バッチファイルが見つかりません: C:\work\run.bat
[2026-03-17 18:19:14] [ERROR] [Page:4 Process:2] コンポーネント実行状態の保存に失敗しました: 引数が空の文字列であるため、パラメーター 'Name' にバインドできません。
[2026-03-17 18:19:14] [INFO] ページ 4 のプロセスを読み込みました (プロセス数: 8)
[2026-03-17 18:19:18] [INFO] 編集モードを有効にしました
[2026-03-17 18:19:18] [INFO] ページ 4 のプロセスを読み込みました (プロセス数: 8)
[2026-03-17 18:19:21] [INFO] [Page:4 Process:2] バッチファイルパスを保存しました (Index: 2): SpringSample\gradlew.bat
[2026-03-17 18:19:21] [INFO] [Page:4 Process:2] 取込後用バッチファイルを設定しました: C:\work\SpringSample\gradlew.bat
[2026-03-17 18:19:22] [INFO] ページ 4 のプロセスを読み込みました (プロセス数: 8)
[2026-03-17 18:19:23] [INFO] 編集モードを無効にしました
[2026-03-17 18:19:23] [INFO] ページ 4 のプロセスを読み込みました (プロセス数: 8)
[2026-03-17 18:19:25] [INFO] [Page:4 Process:2] バッチファイル実行開始: バッチファイル (C:\work\SpringSample\gradlew.bat)
[2026-03-17 18:19:29] [INFO] [Page:4 Process:2] バッチファイル実行完了 (ウィンドウ切断: -1073741510)
[2026-03-17 18:19:29] [ERROR] [Page:4 Process:2] コンポーネント実行状態の保存に失敗しました: 引数が空の文字列であるため、パラメーター 'Name' にバインドできません。
[2026-03-17 18:19:29] [INFO] ページ 4 のプロセスを読み込みました (プロセス数: 8)
[2026-03-17 18:19:33] [ERROR] [Page:4 Process:3] バッチファイルパスが空です
[2026-03-17 18:19:37] [INFO] 編集モードを有効にしました
[2026-03-17 18:19:37] [INFO] ページ 4 のプロセスを読み込みました (プロセス数: 8)
[2026-03-17 18:19:40] [INFO] [Page:4 Process:3] バッチファイルパスを保存しました (Index: 1): SpringSample\gradlew.bat
[2026-03-17 18:19:40] [INFO] ページ 4 のプロセスを読み込みました (プロセス数: 8)
[2026-03-17 18:19:41] [INFO] 編集モードを無効にしました
[2026-03-17 18:19:41] [INFO] ページ 4 のプロセスを読み込みました (プロセス数: 8)
[2026-03-17 18:19:43] [INFO] [Page:4 Process:3] バッチファイル実行開始: 直接取込 (C:\work\SpringSample\gradlew.bat)
[2026-03-17 18:19:46] [INFO] [Page:4 Process:3] バッチファイル実行完了 (ウィンドウ切断: -1073741510)
[2026-03-17 18:19:48] [ERROR] [Page:4 Process:3] バッチファイルパスが空です
[2026-03-17 18:19:49] [INFO] 編集モードを有効にしました
[2026-03-17 18:19:49] [INFO] ページ 4 のプロセスを読み込みました (プロセス数: 8)
[2026-03-17 18:19:53] [INFO] [Page:4 Process:3] バッチファイルパスを保存しました (Index: 2): SpringSample\gradlew.bat
[2026-03-17 18:19:53] [INFO] ページ 4 のプロセスを読み込みました (プロセス数: 8)
[2026-03-17 18:19:55] [INFO] 編集モードを無効にしました
[2026-03-17 18:19:55] [INFO] ページ 4 のプロセスを読み込みました (プロセス数: 8)
[2026-03-17 18:19:57] [INFO] [Page:4 Process:3] バッチファイル実行開始: 取込後 (C:\work\SpringSample\gradlew.bat)
[2026-03-17 18:20:00] [INFO] [Page:4 Process:3] バッチファイル実行完了 (ウィンドウ切断: -1073741510)
[2026-03-17 18:20:02] [ERROR] [Page:4 Process:3] バッチファイルパスが空です
[2026-03-17 18:20:02] [INFO] [Page:4 Process:3] コンポーネント実行状態を保存しました: MaintButton_Executed = True
[2026-03-17 18:20:02] [INFO] ページ 4 のプロセスを読み込みました (プロセス数: 8)
[2026-03-17 18:20:09] [ERROR] [Page:4 Process:4] 直接取込用バッチファイルが設定されていません
[2026-03-17 18:20:10] [ERROR] [Page:4 Process:4] 取込後用バッチファイルが設定されていません
[2026-03-17 18:20:13] [INFO] 編集モードを有効にしました
[2026-03-17 18:20:13] [INFO] ページ 4 のプロセスを読み込みました (プロセス数: 8)
[2026-03-17 18:20:18] [INFO] [Page:4 Process:4] バッチファイルパスを保存しました (Index: 1): SpringSample\gradlew.bat
[2026-03-17 18:20:18] [INFO] [Page:4 Process:4] 直接取込用バッチファイルを設定しました: C:\work\SpringSample\gradlew.bat
[2026-03-17 18:20:19] [INFO] ページ 4 のプロセスを読み込みました (プロセス数: 8)
[2026-03-17 18:20:20] [INFO] 編集モードを無効にしました
[2026-03-17 18:20:20] [INFO] ページ 4 のプロセスを読み込みました (プロセス数: 8)
[2026-03-17 18:20:22] [INFO] [Page:4 Process:4] バッチファイル実行開始: バッチファイル (C:\work\SpringSample\gradlew.bat)
[2026-03-17 18:20:25] [INFO] [Page:4 Process:4] バッチファイル実行完了 (ウィンドウ切断: -1073741510)
[2026-03-17 18:20:25] [INFO] [Page:4 Process:4] コンポーネント実行状態を保存しました: DirectImportButton_Executed = True
[2026-03-17 18:20:25] [INFO] ページ 4 のプロセスを読み込みました (プロセス数: 8)
[2026-03-17 18:20:28] [ERROR] [Page:4 Process:4] 取込後用バッチファイルが設定されていません
[2026-03-17 18:20:30] [INFO] 編集モードを有効にしました
[2026-03-17 18:20:30] [INFO] ページ 4 のプロセスを読み込みました (プロセス数: 8)
[2026-03-17 18:20:34] [INFO] [Page:4 Process:4] バッチファイルパスを保存しました (Index: 2): SpringSample\gradlew.bat
[2026-03-17 18:20:34] [INFO] [Page:4 Process:4] 取込後用バッチファイルを設定しました: C:\work\SpringSample\gradlew.bat
[2026-03-17 18:20:35] [INFO] ページ 4 のプロセスを読み込みました (プロセス数: 8)
[2026-03-17 18:20:37] [INFO] 編集モードを無効にしました
[2026-03-17 18:20:37] [INFO] ページ 4 のプロセスを読み込みました (プロセス数: 8)
[2026-03-17 18:20:40] [INFO] [Page:4 Process:4] バッチファイル実行開始: バッチファイル (C:\work\SpringSample\gradlew.bat)
[2026-03-17 18:20:44] [INFO] [Page:4 Process:4] バッチファイル実行完了 (ウィンドウ切断: -1073741510)
[2026-03-17 18:20:44] [INFO] [Page:4 Process:4] コンポーネント実行状態を保存しました: AfterImportButton_Executed = True
[2026-03-17 18:20:44] [INFO] ページ 4 のプロセスを読み込みました (プロセス数: 8)
[2026-03-17 18:20:48] [ERROR] [Page:4 Process:5] 直接取込用バッチファイルが設定されていません
[2026-03-17 18:20:50] [INFO] 編集モードを有効にしました
[2026-03-17 18:20:50] [INFO] ページ 4 のプロセスを読み込みました (プロセス数: 8)
[2026-03-17 18:20:53] [INFO] 編集モードを無効にしました
[2026-03-17 18:20:53] [INFO] ページ 4 のプロセスを読み込みました (プロセス数: 8)
[2026-03-17 18:20:55] [INFO] 編集モードを有効にしました
[2026-03-17 18:20:55] [INFO] ページ 4 のプロセスを読み込みました (プロセス数: 8)
[2026-03-17 18:21:00] [INFO] [Page:4 Process:5] バッチファイルパスを保存しました (Index: 1): SpringSample\gradlew.bat
[2026-03-17 18:21:00] [INFO] [Page:4 Process:5] 直接取込用バッチファイルを設定しました: C:\work\SpringSample\gradlew.bat
[2026-03-17 18:21:01] [INFO] ページ 4 のプロセスを読み込みました (プロセス数: 8)
[2026-03-17 18:21:02] [INFO] 編集モードを無効にしました
[2026-03-17 18:21:02] [INFO] ページ 4 のプロセスを読み込みました (プロセス数: 8)
[2026-03-17 18:21:03] [INFO] [Page:4 Process:5] バッチファイル実行開始: バッチファイル (C:\work\SpringSample\gradlew.bat)
[2026-03-17 18:21:07] [INFO] [Page:4 Process:5] バッチファイル実行完了 (ウィンドウ切断: -1073741510)
[2026-03-17 18:21:07] [INFO] [Page:4 Process:5] コンポーネント実行状態を保存しました: DirectImportButton_Executed = True
[2026-03-17 18:21:07] [INFO] ページ 4 のプロセスを読み込みました (プロセス数: 8)
[2026-03-17 18:21:11] [ERROR] [Page:4 Process:5] 取込後用バッチファイルが設定されていません
[2026-03-17 18:21:13] [INFO] 編集モードを有効にしました
[2026-03-17 18:21:13] [INFO] ページ 4 のプロセスを読み込みました (プロセス数: 8)
[2026-03-17 18:21:20] [INFO] [Page:4 Process:5] バッチファイルパスを保存しました (Index: 2): SpringSample\gradlew.bat
[2026-03-17 18:21:21] [INFO] [Page:4 Process:5] 取込後用バッチファイルを設定しました: C:\work\SpringSample\gradlew.bat
[2026-03-17 18:21:22] [INFO] ページ 4 のプロセスを読み込みました (プロセス数: 8)
[2026-03-17 18:21:23] [INFO] 編集モードを無効にしました
[2026-03-17 18:21:23] [INFO] ページ 4 のプロセスを読み込みました (プロセス数: 8)
[2026-03-17 18:21:25] [INFO] [Page:4 Process:5] バッチファイル実行開始: バッチファイル (C:\work\SpringSample\gradlew.bat)
[2026-03-17 18:21:28] [INFO] [Page:4 Process:5] バッチファイル実行完了 (ウィンドウ切断: -1073741510)
[2026-03-17 18:21:28] [INFO] [Page:4 Process:5] コンポーネント実行状態を保存しました: AfterImportButton_Executed = True
[2026-03-17 18:21:28] [INFO] ページ 4 のプロセスを読み込みました (プロセス数: 8)
