Session Started at 20260210_132401
[2026-02-10 13:24:02] [INFO] ページ 1 のプロセスを読み込みました (プロセス数: 2)
[2026-02-10 13:24:02] [INFO] アプリケーションを起動しました
[2026-02-10 13:24:02] [INFO] 設定ファイル: C:\work\iko_gui\config\json\config.json
[2026-02-10 13:24:02] [INFO] ページ数: 4
[2026-02-10 13:24:03] [INFO] ページ 2 のプロセスを読み込みました (プロセス数: 3)
[2026-02-10 13:24:04] [INFO] ページ 3 のプロセスを読み込みました (プロセス数: 3)
[2026-02-10 13:24:05] [INFO] ページ 4 のプロセスを読み込みました (プロセス数: 3)
[2026-02-10 13:24:07] [INFO] 編集モードを有効にしました
[2026-02-10 13:24:07] [INFO] ページ 4 のプロセスを読み込みました (プロセス数: 3)
[2026-02-10 13:24:11] [INFO] [Page:4 Process:1] プロセスKDL変換CSV格納先パスを保存しました: doc\images
[2026-02-10 13:24:11] [INFO] [Page:4 Process:1] KDL変換CSV格納先を設定しました: C:\work\iko_gui\doc\images
[2026-02-10 13:24:31] [INFO] [Page:4 Process:1] プロセスKDL変換CSV格納元パスを保存しました: C:\work\test\fizz-buzz
[2026-02-10 13:24:31] [INFO] [Page:4 Process:1] KDL変換CSV格納元を設定しました: C:\work\test\fizz-buzz
[2026-02-10 13:24:45] [INFO] [Page:4 Process:1] プロセスKDL変換CSV格納元パスを保存しました: C:\work\test\fizz-buzz\test
[2026-02-10 13:24:45] [INFO] [Page:4 Process:1] KDL変換CSV格納元を設定しました: C:\work\test\fizz-buzz\test
[2026-02-10 13:25:15] [INFO] [Page:4 Process:1] プロセスV1抽出CSV格納先パスを保存しました: C:\work\test\fizz-buzz\test
[2026-02-10 13:25:15] [INFO] [Page:4 Process:1] V1抽出CSV格納先を設定しました: C:\work\test\fizz-buzz\test
[2026-02-10 13:25:31] [INFO] [Page:4 Process:1] プロセスV1抽出CSV格納先パスを保存しました: C:\work
[2026-02-10 13:25:31] [INFO] [Page:4 Process:1] V1抽出CSV格納先を設定しました: C:\work
[2026-02-10 13:25:53] [INFO] [Page:4 Process:2] プロセスV1抽出CSV格納先パスを保存しました: C:\work\新しいフォルダー
[2026-02-10 13:25:53] [INFO] [Page:4 Process:2] V1抽出CSV格納先を設定しました: C:\work\新しいフォルダー
[2026-02-10 13:25:56] [INFO] [Page:4 Process:2] プロセスKDL変換CSV格納先パスを保存しました: C:\work\新しいフォルダー\fizz-buzz
[2026-02-10 13:25:56] [INFO] [Page:4 Process:2] KDL変換CSV格納先を設定しました: C:\work\新しいフォルダー\fizz-buzz
[2026-02-10 13:26:37] [INFO] ページ 3 のプロセスを読み込みました (プロセス数: 3)
[2026-02-10 13:26:37] [INFO] ページ 4 のプロセスを読み込みました (プロセス数: 3)
[2026-02-10 13:26:42] [INFO] [Page:4 Process:2] プロセスKDL変換CSV格納元パスを保存しました: C:\work\新しいフォルダー\fizz-buzz\test
[2026-02-10 13:26:42] [INFO] [Page:4 Process:2] KDL変換CSV格納元を設定しました: C:\work\新しいフォルダー\fizz-buzz\test
[2026-02-10 13:26:45] [INFO] [Page:4 Process:2] プロセスKDL変換CSV格納先パスを保存しました: C:\work\新しいフォルダー
[2026-02-10 13:26:45] [INFO] [Page:4 Process:2] KDL変換CSV格納先を設定しました: C:\work\新しいフォルダー
[2026-02-10 13:26:49] [INFO] [Page:4 Process:2] プロセスV1抽出CSV格納先パスを保存しました: C:\work
[2026-02-10 13:26:49] [INFO] [Page:4 Process:2] V1抽出CSV格納先を設定しました: C:\work
