Session Started at 20260216_155415
[2026-02-16 15:54:15] [INFO] ページ 1 のプロセスを読み込みました (プロセス数: 2)
[2026-02-16 15:54:15] [INFO] アプリケーションを起動しました
[2026-02-16 15:54:15] [INFO] 設定ファイル: C:\work\iko_gui\config\json\config.json
[2026-02-16 15:54:15] [INFO] ページ数: 4
[2026-02-16 15:54:18] [INFO] ページ 2 のプロセスを読み込みました (プロセス数: 3)
[2026-02-16 15:54:19] [INFO] ページ 1 のプロセスを読み込みました (プロセス数: 2)
[2026-02-16 15:54:29] [INFO] 編集モードを有効にしました
[2026-02-16 15:54:29] [INFO] ページ 1 のプロセスを読み込みました (プロセス数: 2)
[2026-02-16 15:54:31] [INFO] 編集モードを無効にしました
[2026-02-16 15:54:31] [INFO] ページ 1 のプロセスを読み込みました (プロセス数: 2)
[2026-02-16 15:54:31] [INFO] 編集モードを有効にしました
[2026-02-16 15:54:31] [INFO] ページ 1 のプロセスを読み込みました (プロセス数: 2)
[2026-02-16 15:54:43] [INFO] ページ 2 のプロセスを読み込みました (プロセス数: 3)
[2026-02-16 15:54:47] [INFO] ページ 1 のプロセスを読み込みました (プロセス数: 2)
[2026-02-16 15:54:49] [INFO] 編集モードを無効にしました
[2026-02-16 15:54:49] [INFO] ページ 1 のプロセスを読み込みました (プロセス数: 2)
[2026-02-16 15:54:50] [INFO] ページ 2 のプロセスを読み込みました (プロセス数: 3)
[2026-02-16 15:54:51] [INFO] ページ 1 のプロセスを読み込みました (プロセス数: 2)
[2026-02-16 15:54:52] [INFO] ページ 2 のプロセスを読み込みました (プロセス数: 3)
[2026-02-16 15:54:53] [INFO] ページ 1 のプロセスを読み込みました (プロセス数: 2)
[2026-02-16 15:54:54] [INFO] ページ 2 のプロセスを読み込みました (プロセス数: 3)
[2026-02-16 15:54:55] [INFO] ページ 1 のプロセスを読み込みました (プロセス数: 2)
[2026-02-16 15:54:56] [INFO] ページ 2 のプロセスを読み込みました (プロセス数: 3)
[2026-02-16 15:54:57] [INFO] ページ 1 のプロセスを読み込みました (プロセス数: 2)
[2026-02-16 15:54:58] [INFO] 編集モードを有効にしました
[2026-02-16 15:54:58] [INFO] ページ 1 のプロセスを読み込みました (プロセス数: 2)
[2026-02-16 15:55:10] [INFO] ページ 2 のプロセスを読み込みました (プロセス数: 3)
[2026-02-16 15:55:11] [INFO] ページ 3 のプロセスを読み込みました (プロセス数: 3)
[2026-02-16 15:55:11] [INFO] ページ 4 のプロセスを読み込みました (プロセス数: 8)
[2026-02-16 15:55:19] [INFO] 編集モードを無効にしました
[2026-02-16 15:55:19] [INFO] ページ 4 のプロセスを読み込みました (プロセス数: 8)
