Session Started at 20260224_192512
[2026-02-24 19:25:14] [INFO] ページ 1 のプロセスを読み込みました (プロセス数: 2)
[2026-02-24 19:25:14] [INFO] アプリケーションを起動しました
[2026-02-24 19:25:14] [INFO] 設定ファイル: C:\work\iko_gui\config\json\config.json
[2026-02-24 19:25:14] [INFO] ページ数: 4
[2026-02-24 19:25:17] [INFO] ページ 2 のプロセスを読み込みました (プロセス数: 3)
[2026-02-24 19:25:17] [INFO] ページ 3 のプロセスを読み込みました (プロセス数: 3)
[2026-02-24 19:25:18] [INFO] ページ 4 のプロセスを読み込みました (プロセス数: 8)
[2026-02-24 19:25:24] [WARN] パスが存在しません: C:\work\fizz-buzz\eb
[2026-02-24 19:25:26] [WARN] パスが存在しません: C:\work\fizz-buzz\log2
[2026-02-24 19:25:26] [INFO] 編集モードを有効にしました
[2026-02-24 19:25:26] [INFO] ページ 4 のプロセスを読み込みました (プロセス数: 8)
[2026-02-24 19:25:30] [INFO] 編集モードを無効にしました
[2026-02-24 19:25:30] [INFO] ページ 4 のプロセスを読み込みました (プロセス数: 8)
[2026-02-24 19:25:30] [INFO] 編集モードを有効にしました
[2026-02-24 19:25:30] [INFO] ページ 4 のプロセスを読み込みました (プロセス数: 8)
[2026-02-24 19:25:33] [INFO] 編集モードを無効にしました
[2026-02-24 19:25:33] [INFO] ページ 4 のプロセスを読み込みました (プロセス数: 8)
[2026-02-24 19:25:36] [WARN] パスが存在しません: C:\work\fizz-buzz\eb
[2026-02-24 19:25:41] [INFO] 編集モードを有効にしました
[2026-02-24 19:25:41] [INFO] ページ 4 のプロセスを読み込みました (プロセス数: 8)
[2026-02-24 19:25:53] [INFO] [Page:4 Process:1] ログ出力フォルダパス(LogOutputDir)を保存しました: test
[2026-02-24 19:25:53] [INFO] [Page:4 Process:1] ログ出力フォルダを設定しました: test (共通パスからの相対)
[2026-02-24 19:25:59] [INFO] [Page:4 Process:1] ログ出力フォルダパス(LogOutputDir)を保存しました: coverage
[2026-02-24 19:26:00] [INFO] [Page:4 Process:1] ログ出力フォルダを設定しました: coverage (共通パスからの相対)
[2026-02-24 19:26:21] [INFO] [Page:4 Process:2] ログ出力フォルダパス(LogOutputDir)を保存しました: node_modules
[2026-02-24 19:26:21] [INFO] [Page:4 Process:2] ログ出力フォルダを設定しました: node_modules (共通パスからの相対)
[2026-02-24 19:26:26] [INFO] 編集モードを無効にしました
[2026-02-24 19:26:26] [INFO] ページ 4 のプロセスを読み込みました (プロセス数: 8)
[2026-02-24 19:26:27] [INFO] [Page:4 Process:1] ログ出力フォルダを開きました: C:\work\fizz-buzz\coverage
[2026-02-24 19:26:31] [INFO] [Page:4 Process:1] ログ出力フォルダを開きました: C:\work\fizz-buzz\test
[2026-02-24 19:26:36] [INFO] [Page:4 Process:2] ログ出力フォルダを開きました: C:\work\fizz-buzz\coverage
[2026-02-24 19:26:41] [INFO] [Page:4 Process:2] ログ出力フォルダを開きました: C:\work\fizz-buzz\node_modules
[2026-02-24 19:26:45] [INFO] 編集モードを有効にしました
[2026-02-24 19:26:45] [INFO] ページ 4 のプロセスを読み込みました (プロセス数: 8)
