Session Started at 20260220_143959
[2026-02-20 14:40:00] [INFO] ページ 1 のプロセスを読み込みました (プロセス数: 2)
[2026-02-20 14:40:00] [INFO] アプリケーションを起動しました
[2026-02-20 14:40:00] [INFO] 設定ファイル: C:\work\iko_gui\config\json\config.json
[2026-02-20 14:40:00] [INFO] ページ数: 4
[2026-02-20 14:40:02] [INFO] ページ 2 のプロセスを読み込みました (プロセス数: 3)
[2026-02-20 14:40:02] [INFO] ページ 3 のプロセスを読み込みました (プロセス数: 3)
[2026-02-20 14:40:03] [INFO] ページ 4 のプロセスを読み込みました (プロセス数: 8)
[2026-02-20 14:40:08] [INFO] 編集モードを有効にしました
[2026-02-20 14:40:08] [INFO] ページ 4 のプロセスを読み込みました (プロセス数: 8)
[2026-02-20 14:40:12] [INFO] ページ 3 のプロセスを読み込みました (プロセス数: 3)
[2026-02-20 14:40:13] [INFO] ページ 2 のプロセスを読み込みました (プロセス数: 3)
[2026-02-20 14:40:14] [INFO] ページ 3 のプロセスを読み込みました (プロセス数: 3)
[2026-02-20 14:40:16] [INFO] ページ 4 のプロセスを読み込みました (プロセス数: 8)
[2026-02-20 14:40:20] [INFO] [Page:4 Process:5] プロセス有効状態を保存しました: False
[2026-02-20 14:40:20] [INFO] ページ 4 のプロセスを読み込みました (プロセス数: 8)
[2026-02-20 14:40:23] [INFO] 編集モードを無効にしました
[2026-02-20 14:40:23] [INFO] ページ 4 のプロセスを読み込みました (プロセス数: 8)
[2026-02-20 14:40:28] [INFO] 編集モードを有効にしました
[2026-02-20 14:40:28] [INFO] ページ 4 のプロセスを読み込みました (プロセス数: 8)
[2026-02-20 14:40:30] [INFO] [Page:4 Process:5] プロセス有効状態を保存しました: True
[2026-02-20 14:40:30] [INFO] ページ 4 のプロセスを読み込みました (プロセス数: 8)
[2026-02-20 14:40:35] [INFO] 編集モードを無効にしました
[2026-02-20 14:40:35] [INFO] ページ 4 のプロセスを読み込みました (プロセス数: 8)
[2026-02-20 14:40:40] [INFO] ページ 3 のプロセスを読み込みました (プロセス数: 3)
[2026-02-20 14:40:44] [INFO] ページ 2 のプロセスを読み込みました (プロセス数: 3)
[2026-02-20 14:40:46] [INFO] 編集モードを有効にしました
[2026-02-20 14:40:46] [INFO] ページ 2 のプロセスを読み込みました (プロセス数: 3)
[2026-02-20 14:40:50] [INFO] ページパスを保存しました: C:\work\iko_gui\config\json\page2.json
[2026-02-20 14:40:50] [ERROR] ページJSONファイルの保存に失敗しました: "LogStoragePath" の設定中に例外が発生しました: "このオブジェクトにプロパティ 'LogStoragePath' が見つかりません。プロパティが存在し、設定可能であることを確認してください。"
[2026-02-20 14:40:50] [INFO] ログ格納先を設定しました: C:\PerfLogs
[2026-02-20 14:40:50] [INFO] ページ 2 のプロセスを読み込みました (プロセス数: 3)
