Session Started at 20260216_132415
[2026-02-16 13:24:15] [INFO] ページ 1 のプロセスを読み込みました (プロセス数: 2)
[2026-02-16 13:24:15] [INFO] アプリケーションを起動しました
[2026-02-16 13:24:15] [INFO] 設定ファイル: C:\work\iko_gui\config\json\config.json
[2026-02-16 13:24:15] [INFO] ページ数: 4
[2026-02-16 13:24:18] [ERROR] [Page:1 Process:2] バッチファイルパスが空です
[2026-02-16 13:24:20] [ERROR] [Page:1 Process:2] バッチファイルパスが空です
[2026-02-16 13:24:21] [INFO] 編集モードを有効にしました
[2026-02-16 13:24:21] [INFO] ページ 1 のプロセスを読み込みました (プロセス数: 2)
[2026-02-16 13:24:30] [ERROR] [Page:1 Process:2] バッチファイルは共通パス（C:\work\fizz-buzz）配下に配置する必要があります: C:\work\iko_gui\run.bat
[2026-02-16 13:24:44] [INFO] ページ 1 のプロセスを読み込みました (プロセス数: 2)
[2026-02-16 13:24:46] [INFO] [Page:1 Process:2] バッチファイルパスを保存しました (Index: 1): run.bat
[2026-02-16 13:24:46] [INFO] [Page:1 Process:2] 実行用バッチファイルを設定しました: C:\work\iko_gui\run.bat
[2026-02-16 13:24:47] [INFO] ページ 1 のプロセスを読み込みました (プロセス数: 2)
[2026-02-16 13:24:51] [INFO] 編集モードを無効にしました
[2026-02-16 13:24:51] [INFO] ページ 1 のプロセスを読み込みました (プロセス数: 2)
[2026-02-16 13:24:52] [INFO] [Page:1 Process:2] バッチファイル実行開始: 実行用バッチ (C:\work\iko_gui\run.bat)
[2026-02-16 13:24:55] [INFO] [Page:1 Process:2] バッチファイル実行完了 (ウィンドウ切断: -1073741510)
[2026-02-16 13:24:56] [INFO] 編集モードを有効にしました
[2026-02-16 13:24:56] [INFO] ページ 1 のプロセスを読み込みました (プロセス数: 2)
