----------------------------------------
„Ç≥„Éî„ÉºÂÖÉ: C:\work\test
„Ç≥„Éî„ÉºÂÖà: C:\test
----------------------------------------


-------------------------------------------------------------------------------
   ROBOCOPY     ::     Robust File Copy for Windows                              
-------------------------------------------------------------------------------

  Started : 2026Âπ¥2Êúà6Êó• 9:06:19
   Source : C:\work\test\
     Dest : C:\test\

    Files : *.*
	    
  Options : *.* /S /E /DCOPY:DA /COPY:DAT /NP /MT:8 /R:3 /W:5 

------------------------------------------------------------------------------

	    New File  		     109	C:\work\test\fizz-buzz\.eslintrc.js
	    New File  		      35	C:\work\test\fizz-buzz\.gitignore
	    New File  		     220	C:\work\test\fizz-buzz\index.js
	    New File  		  169111	C:\work\test\fizz-buzz\package-lock.json
	    New File  		     353	C:\work\test\fizz-buzz\package.json
	    New File  		     237	C:\work\test\fizz-buzz\README.md
	    New File  		      17	C:\work\test\fizz-buzz\.git\COMMIT_EDITMSG
	    New File  		     445	C:\work\test\fizz-buzz\.git\config
	    New File  		      73	C:\work\test\fizz-buzz\.git\description
	    New File  		     221	C:\work\test\fizz-buzz\.git\FETCH_HEAD
	    New File  		      33	C:\work\test\fizz-buzz\.git\HEAD
	    New File  		     888	C:\work\test\fizz-buzz\.git\index
	    New File  		      41	C:\work\test\fizz-buzz\.git\ORIG_HEAD
	    New File  		     112	C:\work\test\fizz-buzz\.git\packed-refs
	    New File  		     531	C:\work\test\fizz-buzz\test\index.js
	    New File  		    1820	C:\work\test\fizz-buzz\.github\workflows\ci.yml
	    New File  		     405	C:\work\test\fizz-buzz\.github\workflows\security.yml
	    New File  		     478	C:\work\test\fizz-buzz\.git\hooks\applypatch-msg.sample
	    New File  		     896	C:\work\test\fizz-buzz\.git\hooks\commit-msg.sample
	    New File  		    4726	C:\work\test\fizz-buzz\.git\hooks\fsmonitor-watchman.sample
	    New File  		     189	C:\work\test\fizz-buzz\.git\hooks\post-update.sample
	    New File  		     424	C:\work\test\fizz-buzz\.git\hooks\pre-applypatch.sample
	    New File  		    1649	C:\work\test\fizz-buzz\.git\hooks\pre-commit.sample
	    New File  		     416	C:\work\test\fizz-buzz\.git\hooks\pre-merge-commit.sample
	    New File  		    1374	C:\work\test\fizz-buzz\.git\hooks\pre-push.sample
	    New File  		    4898	C:\work\test\fizz-buzz\.git\hooks\pre-rebase.sample
	    New File  		     544	C:\work\test\fizz-buzz\.git\hooks\pre-receive.sample
	    New File  		    1492	C:\work\test\fizz-buzz\.git\hooks\prepare-commit-msg.sample
	    New File  		    2783	C:\work\test\fizz-buzz\.git\hooks\push-to-checkout.sample
	    New File  		    2308	C:\work\test\fizz-buzz\.git\hooks\sendemail-validate.sample
	    New File  		    3650	C:\work\test\fizz-buzz\.git\hooks\update.sample
	    New File  		     240	C:\work\test\fizz-buzz\.git\info\exclude
	    New File  		     726	C:\work\test\fizz-buzz\.git\logs\HEAD
	    New File  		      41	C:\work\test\fizz-buzz\.git\refs\heads\main
	    New File  		      41	C:\work\test\fizz-buzz\.git\refs\heads\testÉuÉâÉìÉ`
	    New File  		     217	C:\work\test\fizz-buzz\.git\objects\40\eb28b09674a22021f2959e9c0e06330d250aa1
	    New File  		     280	C:\work\test\fizz-buzz\.git\objects\bf\84f77ef9e0d695afbb8c14bdffd1d5c9c48aea
	    New File  		     920	C:\work\test\fizz-buzz\.git\objects\a9\fd545d2298c3101cd57fecd5fda560119d05fd
	    New File  		     175	C:\work\test\fizz-buzz\.git\objects\e5\3207285f15eda33aeb061ed10e001ce07d1bd2
	    New File  		     187	C:\work\test\fizz-buzz\.git\logs\refs\heads\main
	    New File  		     323	C:\work\test\fizz-buzz\.git\logs\refs\heads\testÉuÉâÉìÉ`
	    New File  		    2220	C:\work\test\fizz-buzz\.git\objects\pack\pack-a5a76c28843c452a3242e91f22d7caa9a20b369f.idx
	    New File  		   53009	C:\work\test\fizz-buzz\.git\objects\pack\pack-a5a76c28843c452a3242e91f22d7caa9a20b369f.pack
	    New File  		     216	C:\work\test\fizz-buzz\.git\objects\pack\pack-a5a76c28843c452a3242e91f22d7caa9a20b369f.rev
	    New File  		      30	C:\work\test\fizz-buzz\.git\refs\remotes\origin\HEAD
	    New File  		      41	C:\work\test\fizz-buzz\.git\refs\remotes\origin\main
	    New File  		      41	C:\work\test\fizz-buzz\.git\refs\remotes\origin\testÉuÉâÉìÉ`
	    New File  		     187	C:\work\test\fizz-buzz\.git\logs\refs\remotes\origin\HEAD
	    New File  		     156	C:\work\test\fizz-buzz\.git\logs\refs\remotes\origin\main
	    New File  		     302	C:\work\test\fizz-buzz\.git\logs\refs\remotes\origin\testÉuÉâÉìÉ`

------------------------------------------------------------------------------

               Total    Copied   Skipped  Mismatch    FAILED    Extras
    Dirs :        25        25         0         0         0         0
   Files :        50        50         0         0         0         0
   Bytes :   253.7 k   253.7 k         0         0         0         0
   Times :   0:00:00   0:00:00                       0:00:00   0:00:00


   Speed :             8661000 Bytes/sec.
   Speed :             495.586 MegaBytes/min.
   Ended : 2026Âπ¥2Êúà6Êó• 9:06:19


========================================
„Ç≥„Éî„Éº„ÅåÂÆå‰∫Ü„Åó„Åæ„Åó„ÅüÔºÅ
========================================

Press any key to continue . . . 