Session Started at 20260324_170448
[2026-03-24 17:04:49] [INFO] ページ 1 のプロセスを読み込みました (プロセス数: 2)
[2026-03-24 17:04:49] [INFO] アプリケーションを起動しました
[2026-03-24 17:04:49] [INFO] 設定ファイル: C:\work\iko_gui\config\json\config.json
[2026-03-24 17:04:49] [INFO] ページ数: 4
[2026-03-24 17:04:50] [INFO] ページ 2 のプロセスを読み込みました (プロセス数: 2)
[2026-03-24 17:04:50] [INFO] ページ 3 のプロセスを読み込みました (プロセス数: 3)
[2026-03-24 17:04:50] [INFO] ページ 4 のプロセスを読み込みました (プロセス数: 7)
[2026-03-24 17:04:52] [INFO] ページ 3 のプロセスを読み込みました (プロセス数: 3)
[2026-03-24 17:04:52] [INFO] ページ 4 のプロセスを読み込みました (プロセス数: 7)
[2026-03-24 17:04:54] [INFO] 編集モードを有効にしました
[2026-03-24 17:04:54] [INFO] ページ 4 のプロセスを読み込みました (プロセス数: 7)
[2026-03-24 17:04:58] [INFO] 編集モードを無効にしました
[2026-03-24 17:04:58] [INFO] ページ 4 のプロセスを読み込みました (プロセス数: 7)
[2026-03-24 17:05:00] [INFO] [Page:4 Process:1] バッチファイル実行開始: KDL取込(KDB) (C:\work\iko_gui\upload\ログアップロード.bat)
[2026-03-24 17:05:02] [ERROR] [Page:4 Process:1] バッチファイル実行エラー (ExitCode: 1)
[2026-03-24 17:05:04] [INFO] [Page:4 Process:1] コンポーネント実行状態を保存しました: KdlKdbButton_Executed = True
[2026-03-24 17:05:04] [INFO] ページ 4 のプロセスを読み込みました (プロセス数: 7)
[2026-03-24 17:05:15] [INFO] 編集モードを有効にしました
[2026-03-24 17:05:15] [INFO] ページ 4 のプロセスを読み込みました (プロセス数: 7)
[2026-03-24 17:05:17] [INFO] 編集モードを無効にしました
[2026-03-24 17:05:17] [INFO] ページ 4 のプロセスを読み込みました (プロセス数: 7)
[2026-03-24 17:05:20] [INFO] 編集モードを有効にしました
[2026-03-24 17:05:20] [INFO] ページ 4 のプロセスを読み込みました (プロセス数: 7)
[2026-03-24 17:05:21] [INFO] [Page:4 Process:1] プロセス有効状態を保存しました: False
[2026-03-24 17:05:21] [INFO] ページ 4 のプロセスを読み込みました (プロセス数: 7)
[2026-03-24 17:05:23] [INFO] [Page:4 Process:1] プロセス有効状態を保存しました: True
[2026-03-24 17:05:23] [INFO] ページ 4 のプロセスを読み込みました (プロセス数: 7)
[2026-03-24 17:05:24] [INFO] 編集モードを無効にしました
[2026-03-24 17:05:24] [INFO] ページ 4 のプロセスを読み込みました (プロセス数: 7)
[2026-03-24 17:05:26] [INFO] [Page:4 Process:1] バッチファイル実行開始: KDL取込(KDB) (C:\work\iko_gui\upload\ログアップロード.bat)
[2026-03-24 17:05:30] [ERROR] [Page:4 Process:1] バッチファイル実行エラー (ExitCode: 1)
[2026-03-24 17:05:32] [INFO] [Page:4 Process:1] コンポーネント実行状態を保存しました: KdlKdbButton_Executed = True
[2026-03-24 17:05:32] [INFO] ページ 4 のプロセスを読み込みました (プロセス数: 7)
[2026-03-24 17:05:42] [INFO] 編集モードを有効にしました
[2026-03-24 17:05:42] [INFO] ページ 4 のプロセスを読み込みました (プロセス数: 7)
[2026-03-24 17:05:45] [INFO] [Page:4 Process:1] バッチファイルパスを保存しました (Index: 0): iko_gui\upload\log_upload.bat
[2026-03-24 17:05:45] [INFO] ページ 4 のプロセスを読み込みました (プロセス数: 7)
[2026-03-24 17:05:46] [INFO] 編集モードを無効にしました
[2026-03-24 17:05:46] [INFO] ページ 4 のプロセスを読み込みました (プロセス数: 7)
[2026-03-24 17:05:48] [INFO] 編集モードを有効にしました
[2026-03-24 17:05:49] [INFO] ページ 4 のプロセスを読み込みました (プロセス数: 7)
[2026-03-24 17:05:50] [INFO] [Page:4 Process:1] プロセス有効状態を保存しました: False
[2026-03-24 17:05:50] [INFO] ページ 4 のプロセスを読み込みました (プロセス数: 7)
[2026-03-24 17:05:51] [INFO] [Page:4 Process:1] プロセス有効状態を保存しました: True
[2026-03-24 17:05:51] [INFO] ページ 4 のプロセスを読み込みました (プロセス数: 7)
[2026-03-24 17:05:52] [INFO] 編集モードを無効にしました
[2026-03-24 17:05:52] [INFO] ページ 4 のプロセスを読み込みました (プロセス数: 7)
[2026-03-24 17:05:55] [INFO] [Page:4 Process:1] バッチファイル実行開始: KDL取込(KDB) (C:\work\iko_gui\upload\log_upload.bat)
