[2026-01-05 17:03:21] [ERROR] JSONファイルの保存に失敗しました: "LogOutputDir" の設定中に例外が発生しました: "このオブジェクトにプロパティ 'LogOutputDir' が見つかりません。プロパティが存在し、設定可能であることを確認してください。"
aaaa[2026-02-09 14:07:33] [INFO] ログ出力フォルダパスを保存しました: C:\work\iko_gui\log2
[2026-02-09 14:07:33] [INFO] ログ出力フォルダを設定しました: C:\work\iko_gui\log2
[2026-02-10 10:28:32] [INFO] ログ出力フォルダパスを保存しました: log2
[2026-02-10 10:28:32] [INFO] ログ出力フォルダを設定しました: log2 (共通パスからの相対)
[2026-02-10 10:28:36] [ERROR] バッチファイルは共通パス（C:\work\test\fizz-buzz）配下に配置する必要があります: C:\work\SpringSample\gradlew.bat
[2026-02-10 10:28:37] [INFO] 実行用バッチファイルを設定しました: C:\work\SpringSample\gradlew.bat
[2026-02-10 10:28:46] [ERROR] バッチファイルは共通パス（C:\work\test\fizz-buzz）配下に配置する必要があります: C:\work\iko_gui\run.bat
[2026-02-10 10:28:50] [INFO] 実行用バッチファイルを設定しました: C:\work\iko_gui\run.bat
[2026-02-10 10:28:54] [ERROR] バッチファイルは共通パス（C:\work\test\fizz-buzz）配下に配置する必要があります: C:\work\SpringSample\gradlew.bat
[2026-02-10 10:28:57] [INFO] 実行用バッチファイルを設定しました: C:\work\SpringSample\gradlew.bat
[2026-02-10 10:29:07] [ERROR] バッチファイルは共通パス（C:\work\test\fizz-buzz）配下に配置する必要があります: C:\work\iko_gui\run.bat
[2026-02-10 10:29:09] [INFO] 実行用バッチファイルを設定しました: C:\work\iko_gui\run.bat
[2026-02-10 10:32:48] [ERROR] バッチファイルは共通パス（C:\work\iko_gui）配下に配置する必要があります: C:\work\SpringSample\gradlew.bat
[2026-02-10 10:32:50] [INFO] チェック用バッチファイルを設定しました: C:\work\SpringSample\gradlew.bat
[2026-02-10 10:32:57] [INFO] バッチファイルパスを保存しました (Index: 0): run.bat
[2026-02-10 10:32:57] [INFO] チェック用バッチファイルを設定しました: C:\work\iko_gui\run.bat
[2026-02-10 10:33:14] [ERROR] バッチファイルは共通パス（C:\work\iko_gui）配下に配置する必要があります: C:\work\SpringSample\gradlew.bat
[2026-02-10 10:33:15] [INFO] 実行用バッチファイルを設定しました: C:\work\SpringSample\gradlew.bat
[2026-02-10 10:36:02] [ERROR] バッチファイルは共通パス（C:\work\iko_gui）配下に配置する必要があります: C:\work\SpringSample\gradlew.bat
[2026-02-10 10:36:03] [INFO] チェック用バッチファイルを設定しました: C:\work\SpringSample\gradlew.bat
[2026-02-10 10:37:41] [ERROR] バッチファイルは共通パス（C:\work\iko_gui）配下に配置する必要があります: C:\work\SpringSample\gradlew.bat
[2026-02-10 10:37:43] [INFO] チェック用バッチファイルを設定しました: C:\work\SpringSample\gradlew.bat
[2026-02-10 10:38:03] [ERROR] バッチファイルは共通パス（C:\work\iko_gui）配下に配置する必要があります: C:\work\SpringSample\gradlew.bat
[2026-02-10 10:38:05] [INFO] 実行用バッチファイルを設定しました: C:\work\SpringSample\gradlew.bat
[2026-02-10 10:46:03] [ERROR] バッチファイルは共通パス（C:\work\iko_gui）配下に配置する必要があります: C:\work\SpringSample\gradlew.bat
[2026-02-10 10:46:21] [INFO] バッチファイルパスを保存しました (Index: 0): run.bat
[2026-02-10 10:46:21] [INFO] チェック用バッチファイルを設定しました: C:\work\iko_gui\run.bat
[2026-02-10 10:46:41] [ERROR] バッチファイルは共通パス（C:\work\iko_gui）配下に配置する必要があります: C:\work\SpringSample\gradlew.bat
[2026-02-10 10:47:15] [INFO] バッチファイルパスを保存しました (Index: 1): run.bat
[2026-02-10 10:47:15] [INFO] 実行用バッチファイルを設定しました: C:\work\iko_gui\run.bat
